Archive member included to satisfy reference by file (symbol)

C:/software/COMPIL~1/ARM-NO~2.2/13C7F1~1.2RE/bin/../lib/gcc/arm-none-eabi/13.2.1/thumb/v7e-m+fp/hard\libgcc.a(_aeabi_uldivmod.o)
                              CMakeFiles/usb_test.elf.dir/Drivers/STM32G4xx_HAL_Driver/Src/stm32g4xx_hal_uart.c.obj (__aeabi_uldivmod)
C:/software/COMPIL~1/ARM-NO~2.2/13C7F1~1.2RE/bin/../lib/gcc/arm-none-eabi/13.2.1/thumb/v7e-m+fp/hard\libgcc.a(_udivmoddi4.o)
                              C:/software/COMPIL~1/ARM-NO~2.2/13C7F1~1.2RE/bin/../lib/gcc/arm-none-eabi/13.2.1/thumb/v7e-m+fp/hard\libgcc.a(_aeabi_uldivmod.o) (__udivmoddi4)
C:/software/COMPIL~1/ARM-NO~2.2/13C7F1~1.2RE/bin/../lib/gcc/arm-none-eabi/13.2.1/thumb/v7e-m+fp/hard\libgcc.a(_dvmd_tls.o)
                              C:/software/COMPIL~1/ARM-NO~2.2/13C7F1~1.2RE/bin/../lib/gcc/arm-none-eabi/13.2.1/thumb/v7e-m+fp/hard\libgcc.a(_aeabi_uldivmod.o) (__aeabi_ldiv0)
C:/software/COMPIL~1/ARM-NO~2.2/13C7F1~1.2RE/bin/../lib/gcc/arm-none-eabi/13.2.1/thumb/v7e-m+fp/hard\libg.a(libc_a-exit.o)
                              C:/software/COMPIL~1/ARM-NO~2.2/13C7F1~1.2RE/bin/../lib/gcc/arm-none-eabi/13.2.1/thumb/v7e-m+fp/hard/crt0.o (exit)
C:/software/COMPIL~1/ARM-NO~2.2/13C7F1~1.2RE/bin/../lib/gcc/arm-none-eabi/13.2.1/thumb/v7e-m+fp/hard\libg.a(libc_a-malloc.o)
                              CMakeFiles/usb_test.elf.dir/Core/ThreadSafe/newlib_lock_glue.c.obj (malloc)
C:/software/COMPIL~1/ARM-NO~2.2/13C7F1~1.2RE/bin/../lib/gcc/arm-none-eabi/13.2.1/thumb/v7e-m+fp/hard\libg.a(libc_a-mallocr.o)
                              C:/software/COMPIL~1/ARM-NO~2.2/13C7F1~1.2RE/bin/../lib/gcc/arm-none-eabi/13.2.1/thumb/v7e-m+fp/hard\libg.a(libc_a-malloc.o) (_malloc_r)
C:/software/COMPIL~1/ARM-NO~2.2/13C7F1~1.2RE/bin/../lib/gcc/arm-none-eabi/13.2.1/thumb/v7e-m+fp/hard\libg.a(libc_a-mlock.o)
                              C:/software/COMPIL~1/ARM-NO~2.2/13C7F1~1.2RE/bin/../lib/gcc/arm-none-eabi/13.2.1/thumb/v7e-m+fp/hard\libg.a(libc_a-mallocr.o) (__malloc_lock)
C:/software/COMPIL~1/ARM-NO~2.2/13C7F1~1.2RE/bin/../lib/gcc/arm-none-eabi/13.2.1/thumb/v7e-m+fp/hard\libg.a(libc_a-findfp.o)
                              CMakeFiles/usb_test.elf.dir/Middlewares/Third_Party/FreeRTOS/Source/tasks.c.obj (__sf)
C:/software/COMPIL~1/ARM-NO~2.2/13C7F1~1.2RE/bin/../lib/gcc/arm-none-eabi/13.2.1/thumb/v7e-m+fp/hard\libg.a(libc_a-fwalk.o)
                              C:/software/COMPIL~1/ARM-NO~2.2/13C7F1~1.2RE/bin/../lib/gcc/arm-none-eabi/13.2.1/thumb/v7e-m+fp/hard\libg.a(libc_a-findfp.o) (_fwalk_sglue)
C:/software/COMPIL~1/ARM-NO~2.2/13C7F1~1.2RE/bin/../lib/gcc/arm-none-eabi/13.2.1/thumb/v7e-m+fp/hard\libg.a(libc_a-sprintf.o)
                              CMakeFiles/usb_test.elf.dir/Middlewares/Third_Party/FreeRTOS/Source/tasks.c.obj (sprintf)
C:/software/COMPIL~1/ARM-NO~2.2/13C7F1~1.2RE/bin/../lib/gcc/arm-none-eabi/13.2.1/thumb/v7e-m+fp/hard\libg.a(libc_a-stdio.o)
                              C:/software/COMPIL~1/ARM-NO~2.2/13C7F1~1.2RE/bin/../lib/gcc/arm-none-eabi/13.2.1/thumb/v7e-m+fp/hard\libg.a(libc_a-findfp.o) (__sread)
C:/software/COMPIL~1/ARM-NO~2.2/13C7F1~1.2RE/bin/../lib/gcc/arm-none-eabi/13.2.1/thumb/v7e-m+fp/hard\libg.a(libc_a-memset.o)
                              C:/software/COMPIL~1/ARM-NO~2.2/13C7F1~1.2RE/bin/../lib/gcc/arm-none-eabi/13.2.1/thumb/v7e-m+fp/hard/crt0.o (memset)
C:/software/COMPIL~1/ARM-NO~2.2/13C7F1~1.2RE/bin/../lib/gcc/arm-none-eabi/13.2.1/thumb/v7e-m+fp/hard\libg.a(libc_a-closer.o)
                              C:/software/COMPIL~1/ARM-NO~2.2/13C7F1~1.2RE/bin/../lib/gcc/arm-none-eabi/13.2.1/thumb/v7e-m+fp/hard\libg.a(libc_a-stdio.o) (_close_r)
C:/software/COMPIL~1/ARM-NO~2.2/13C7F1~1.2RE/bin/../lib/gcc/arm-none-eabi/13.2.1/thumb/v7e-m+fp/hard\libg.a(libc_a-reent.o)
                              CMakeFiles/usb_test.elf.dir/Middlewares/Third_Party/FreeRTOS/Source/tasks.c.obj (_reclaim_reent)
C:/software/COMPIL~1/ARM-NO~2.2/13C7F1~1.2RE/bin/../lib/gcc/arm-none-eabi/13.2.1/thumb/v7e-m+fp/hard\libg.a(libc_a-impure.o)
                              CMakeFiles/usb_test.elf.dir/Middlewares/Third_Party/FreeRTOS/Source/tasks.c.obj (_impure_ptr)
C:/software/COMPIL~1/ARM-NO~2.2/13C7F1~1.2RE/bin/../lib/gcc/arm-none-eabi/13.2.1/thumb/v7e-m+fp/hard\libg.a(libc_a-lseekr.o)
                              C:/software/COMPIL~1/ARM-NO~2.2/13C7F1~1.2RE/bin/../lib/gcc/arm-none-eabi/13.2.1/thumb/v7e-m+fp/hard\libg.a(libc_a-stdio.o) (_lseek_r)
C:/software/COMPIL~1/ARM-NO~2.2/13C7F1~1.2RE/bin/../lib/gcc/arm-none-eabi/13.2.1/thumb/v7e-m+fp/hard\libg.a(libc_a-readr.o)
                              C:/software/COMPIL~1/ARM-NO~2.2/13C7F1~1.2RE/bin/../lib/gcc/arm-none-eabi/13.2.1/thumb/v7e-m+fp/hard\libg.a(libc_a-stdio.o) (_read_r)
C:/software/COMPIL~1/ARM-NO~2.2/13C7F1~1.2RE/bin/../lib/gcc/arm-none-eabi/13.2.1/thumb/v7e-m+fp/hard\libg.a(libc_a-sbrkr.o)
[...]
Memory Configuration

Name             Origin             Length             Attributes
RAM              0x20000000         0x00020000         xrw
FLASH            0x08000000         0x00080000         xr
*default*        0x00000000         0xffffffff

Linker script and memory map

LOAD C:/software/COMPIL~1/ARM-NO~2.2/13C7F1~1.2RE/bin/../lib/gcc/arm-none-eabi/13.2.1/thumb/v7e-m+fp/hard/crti.o
LOAD C:/software/COMPIL~1/ARM-NO~2.2/13C7F1~1.2RE/bin/../lib/gcc/arm-none-eabi/13.2.1/thumb/v7e-m+fp/hard/crtbegin.o
LOAD C:/software/COMPIL~1/ARM-NO~2.2/13C7F1~1.2RE/bin/../lib/gcc/arm-none-eabi/13.2.1/thumb/v7e-m+fp/hard/crt0.o
LOAD CMakeFiles/usb_test.elf.dir/Core/Src/adc.c.obj
LOAD CMakeFiles/usb_test.elf.dir/Core/Src/app_freertos.c.obj
LOAD CMakeFiles/usb_test.elf.dir/Core/Src/dac.c.obj
LOAD CMakeFiles/usb_test.elf.dir/Core/Src/gpio.c.obj
LOAD CMakeFiles/usb_test.elf.dir/Core/Src/main.c.obj
LOAD CMakeFiles/usb_test.elf.dir/Core/Src/opamp.c.obj
LOAD CMakeFiles/usb_test.elf.dir/Core/Src/spi.c.obj
LOAD CMakeFiles/usb_test.elf.dir/Core/Src/stm32g4xx_hal_msp.c.obj
LOAD CMakeFiles/usb_test.elf.dir/Core/Src/stm32g4xx_hal_timebase_tim.c.obj
LOAD CMakeFiles/usb_test.elf.dir/Core/Src/stm32g4xx_it.c.obj
LOAD CMakeFiles/usb_test.elf.dir/Core/Src/syscalls.c.obj
LOAD CMakeFiles/usb_test.elf.dir/Core/Src/sysmem.c.obj
LOAD CMakeFiles/usb_test.elf.dir/Core/Src/system_stm32g4xx.c.obj
LOAD CMakeFiles/usb_test.elf.dir/Core/Src/tim.c.obj
LOAD CMakeFiles/usb_test.elf.dir/Core/Src/usart.c.obj
LOAD CMakeFiles/usb_test.elf.dir/Core/Startup/startup_stm32g473qetx.s.obj
LOAD CMakeFiles/usb_test.elf.dir/Core/ThreadSafe/newlib_lock_glue.c.obj
LOAD CMakeFiles/usb_test.elf.dir/Drivers/STM32G4xx_HAL_Driver/Src/stm32g4xx_hal.c.obj
LOAD CMakeFiles/usb_test.elf.dir/Drivers/STM32G4xx_HAL_Driver/Src/stm32g4xx_hal_adc.c.obj
LOAD CMakeFiles/usb_test.elf.dir/Drivers/STM32G4xx_HAL_Driver/Src/stm32g4xx_hal_adc_ex.c.obj
LOAD CMakeFiles/usb_test.elf.dir/Drivers/STM32G4xx_HAL_Driver/Src/stm32g4xx_hal_cortex.c.obj
LOAD CMakeFiles/usb_test.elf.dir/Drivers/STM32G4xx_HAL_Driver/Src/stm32g4xx_hal_dac.c.obj
LOAD CMakeFiles/usb_test.elf.dir/Drivers/STM32G4xx_HAL_Driver/Src/stm32g4xx_hal_dac_ex.c.obj
LOAD CMakeFiles/usb_test.elf.dir/Drivers/STM32G4xx_HAL_Driver/Src/stm32g4xx_hal_dma.c.obj
LOAD CMakeFiles/usb_test.elf.dir/Drivers/STM32G4xx_HAL_Driver/Src/stm32g4xx_hal_dma_ex.c.obj
LOAD CMakeFiles/usb_test.elf.dir/Drivers/STM32G4xx_HAL_Driver/Src/stm32g4xx_hal_exti.c.obj
LOAD CMakeFiles/usb_test.elf.dir/Drivers/STM32G4xx_HAL_Driver/Src/stm32g4xx_hal_flash.c.obj
LOAD CMakeFiles/usb_test.elf.dir/Drivers/STM32G4xx_HAL_Driver/Src/stm32g4xx_hal_flash_ex.c.obj
LOAD CMakeFiles/usb_test.elf.dir/Drivers/STM32G4xx_HAL_Driver/Src/stm32g4xx_hal_flash_ramfunc.c.obj
LOAD CMakeFiles/usb_test.elf.dir/Drivers/STM32G4xx_HAL_Driver/Src/stm32g4xx_hal_gpio.c.obj
LOAD CMakeFiles/usb_test.elf.dir/Drivers/STM32G4xx_HAL_Driver/Src/stm32g4xx_hal_opamp.c.obj
LOAD CMakeFiles/usb_test.elf.dir/Drivers/STM32G4xx_HAL_Driver/Src/stm32g4xx_hal_opamp_ex.c.obj
LOAD CMakeFiles/usb_test.elf.dir/Drivers/STM32G4xx_HAL_Driver/Src/stm32g4xx_hal_pcd.c.obj
LOAD CMakeFiles/usb_test.elf.dir/Drivers/STM32G4xx_HAL_Driver/Src/stm32g4xx_hal_pcd_ex.c.obj
LOAD CMakeFiles/usb_test.elf.dir/Drivers/STM32G4xx_HAL_Driver/Src/stm32g4xx_hal_pwr.c.obj
LOAD CMakeFiles/usb_test.elf.dir/Drivers/STM32G4xx_HAL_Driver/Src/stm32g4xx_hal_pwr_ex.c.obj
LOAD CMakeFiles/usb_test.elf.dir/Drivers/STM32G4xx_HAL_Driver/Src/stm32g4xx_hal_rcc.c.obj
LOAD CMakeFiles/usb_test.elf.dir/Drivers/STM32G4xx_HAL_Driver/Src/stm32g4xx_hal_rcc_ex.c.obj
LOAD CMakeFiles/usb_test.elf.dir/Drivers/STM32G4xx_HAL_Driver/Src/stm32g4xx_hal_spi.c.obj
LOAD CMakeFiles/usb_test.elf.dir/Drivers/STM32G4xx_HAL_Driver/Src/stm32g4xx_hal_spi_ex.c.obj
LOAD CMakeFiles/usb_test.elf.dir/Drivers/STM32G4xx_HAL_Driver/Src/stm32g4xx_hal_tim.c.obj
LOAD CMakeFiles/usb_test.elf.dir/Drivers/STM32G4xx_HAL_Driver/Src/stm32g4xx_hal_tim_ex.c.obj
LOAD CMakeFiles/usb_test.elf.dir/Drivers/STM32G4xx_HAL_Driver/Src/stm32g4xx_hal_uart.c.obj
LOAD CMakeFiles/usb_test.elf.dir/Drivers/STM32G4xx_HAL_Driver/Src/stm32g4xx_hal_uart_ex.c.obj
LOAD CMakeFiles/usb_test.elf.dir/Drivers/STM32G4xx_HAL_Driver/Src/stm32g4xx_ll_adc.c.obj
LOAD CMakeFiles/usb_test.elf.dir/Drivers/STM32G4xx_HAL_Driver/Src/stm32g4xx_ll_usb.c.obj
LOAD CMakeFiles/usb_test.elf.dir/Middlewares/ST/STM32_USB_Device_Library/Class/CDC/Src/usbd_cdc.c.obj
LOAD CMakeFiles/usb_test.elf.dir/Middlewares/ST/STM32_USB_Device_Library/Core/Src/usbd_core.c.obj
LOAD CMakeFiles/usb_test.elf.dir/Middlewares/ST/STM32_USB_Device_Library/Core/Src/usbd_ctlreq.c.obj
LOAD CMakeFiles/usb_test.elf.dir/Middlewares/ST/STM32_USB_Device_Library/Core/Src/usbd_ioreq.c.obj
LOAD CMakeFiles/usb_test.elf.dir/Middlewares/Third_Party/FreeRTOS/Source/CMSIS_RTOS_V2/cmsis_os2.c.obj
LOAD CMakeFiles/usb_test.elf.dir/Middlewares/Third_Party/FreeRTOS/Source/croutine.c.obj
LOAD CMakeFiles/usb_test.elf.dir/Middlewares/Third_Party/FreeRTOS/Source/event_groups.c.obj
LOAD CMakeFiles/usb_test.elf.dir/Middlewares/Third_Party/FreeRTOS/Source/list.c.obj
LOAD CMakeFiles/usb_test.elf.dir/Middlewares/Third_Party/FreeRTOS/Source/portable/GCC/ARM_CM4F/port.c.obj
LOAD CMakeFiles/usb_test.elf.dir/Middlewares/Third_Party/FreeRTOS/Source/portable/MemMang/heap_4.c.obj
LOAD CMakeFiles/usb_test.elf.dir/Middlewares/Third_Party/FreeRTOS/Source/queue.c.obj
LOAD CMakeFiles/usb_test.elf.dir/Middlewares/Third_Party/FreeRTOS/Source/stream_buffer.c.obj
LOAD CMakeFiles/usb_test.elf.dir/Middlewares/Third_Party/FreeRTOS/Source/tasks.c.obj
LOAD CMakeFiles/usb_test.elf.dir/Middlewares/Third_Party/FreeRTOS/Source/timers.c.obj
LOAD CMakeFiles/usb_test.elf.dir/Middlewares/Third_Party/emotas_CANopen/emotas/Config/codrv_canbittiming.c.obj
LOAD CMakeFiles/usb_test.elf.dir/Middlewares/Third_Party/emotas_CANopen/emotas/Config/gen_objdict.c.obj
LOAD CMakeFiles/usb_test.elf.dir/USB_Device/App/usb_device.c.obj
LOAD CMakeFiles/usb_test.elf.dir/USB_Device/App/usbd_cdc_if.c.obj
LOAD CMakeFiles/usb_test.elf.dir/USB_Device/App/usbd_desc.c.obj
LOAD CMakeFiles/usb_test.elf.dir/USB_Device/Target/usbd_conf.c.obj
START GROUP
LOAD C:/software/COMPIL~1/ARM-NO~2.2/13C7F1~1.2RE/bin/../lib/gcc/arm-none-eabi/13.2.1/thumb/v7e-m+fp/hard\libgcc.a
LOAD C:/software/COMPIL~1/ARM-NO~2.2/13C7F1~1.2RE/bin/../lib/gcc/arm-none-eabi/13.2.1/thumb/v7e-m+fp/hard\libg.a
LOAD C:/software/COMPIL~1/ARM-NO~2.2/13C7F1~1.2RE/bin/../lib/gcc/arm-none-eabi/13.2.1/thumb/v7e-m+fp/hard\libc.a
END GROUP
LOAD C:/software/COMPIL~1/ARM-NO~2.2/13C7F1~1.2RE/bin/../lib/gcc/arm-none-eabi/13.2.1/thumb/v7e-m+fp/hard/crtend.o
LOAD C:/software/COMPIL~1/ARM-NO~2.2/13C7F1~1.2RE/bin/../lib/gcc/arm-none-eabi/13.2.1/thumb/v7e-m+fp/hard/crtn.o
                0x20020000                        _estack = (ORIGIN (RAM) + LENGTH (RAM))
                0x00000200                        _Min_Heap_Size = 0x200
                0x00000400                        _Min_Stack_Size = 0x400

.isr_vector     0x08000000      0x1d8
                0x08000000                        . = ALIGN (0x4)
 *(.isr_vector)
 .isr_vector    0x08000000      0x1d8 CMakeFiles/usb_test.elf.dir/Core/Startup/startup_stm32g473qetx.s.obj
                0x08000000                g_pfnVectors
                0x080001d8                        . = ALIGN (0x4)

.text           0x080001e0     0x4628
                0x080001e0                        . = ALIGN (0x4)
 *(.text)
 *(.text*)
 .text.deregister_tm_clones
                0x080001e0       0x1c C:/software/COMPIL~1/ARM-NO~2.2/13C7F1~1.2RE/bin/../lib/gcc/arm-none-eabi/13.2.1/thumb/v7e-m+fp/hard/crtbegin.o
 .text.register_tm_clones
                0x080001fc       0x24 C:/software/COMPIL~1/ARM-NO~2.2/13C7F1~1.2RE/bin/../lib/gcc/arm-none-eabi/13.2.1/thumb/v7e-m+fp/hard/crtbegin.o
 .text.__do_global_dtors_aux
                0x08000220       0x28 C:/software/COMPIL~1/ARM-NO~2.2/13C7F1~1.2RE/bin/../lib/gcc/arm-none-eabi/13.2.1/thumb/v7e-m+fp/hard/crtbegin.o
 .text.frame_dummy
                0x08000248       0x24 C:/software/COMPIL~1/ARM-NO~2.2/13C7F1~1.2RE/bin/../lib/gcc/arm-none-eabi/13.2.1/thumb/v7e-m+fp/hard/crtbegin.o
 .text.getRunTimeCounterValue
                0x0800026c        0x4 CMakeFiles/usb_test.elf.dir/Core/Src/app_freertos.c.obj
                0x0800026c                getRunTimeCounterValue
 .text.vApplicationStackOverflowHook
                0x08000270        0x2 CMakeFiles/usb_test.elf.dir/Core/Src/app_freertos.c.obj
                0x08000270                vApplicationStackOverflowHook
 *fill*         0x08000272        0x2 
 .text.HAL_TIM_PeriodElapsedCallback
                0x08000274       0x18 CMakeFiles/usb_test.elf.dir/Core/Src/main.c.obj
                0x08000274                HAL_TIM_PeriodElapsedCallback
 .text.Error_Handler
                0x0800028c        0x4 CMakeFiles/usb_test.elf.dir/Core/Src/main.c.obj
                0x0800028c                Error_Handler
 .text.SystemClock_Config
                0x08000290       0x74 CMakeFiles/usb_test.elf.dir/Core/Src/main.c.obj
                0x08000290                SystemClock_Config
 .text.assert_failed
                0x08000304        0x2 CMakeFiles/usb_test.elf.dir/Core/Src/main.c.obj
                0x08000304                assert_failed
 *fill*         0x08000306        0x2 
 .text.HAL_InitTick
                0x08000308       0x90 CMakeFiles/usb_test.elf.dir/Core/Src/stm32g4xx_hal_timebase_tim.c.obj
                0x08000308                HAL_InitTick
 .text.NMI_Handler
                0x08000398        0x2 CMakeFiles/usb_test.elf.dir/Core/Src/stm32g4xx_it.c.obj
                0x08000398                NMI_Handler
 .text.HardFault_Handler
                0x0800039a        0x2 CMakeFiles/usb_test.elf.dir/Core/Src/stm32g4xx_it.c.obj
                0x0800039a                HardFault_Handler
 .text.MemManage_Handler
                0x0800039c        0x2 CMakeFiles/usb_test.elf.dir/Core/Src/stm32g4xx_it.c.obj
                0x0800039c                MemManage_Handler
 .text.BusFault_Handler
                0x0800039e        0x2 CMakeFiles/usb_test.elf.dir/Core/Src/stm32g4xx_it.c.obj
                0x0800039e                BusFault_Handler
 .text.UsageFault_Handler
                0x080003a0        0x2 CMakeFiles/usb_test.elf.dir/Core/Src/stm32g4xx_it.c.obj
                0x080003a0                UsageFault_Handler
 .text.DebugMon_Handler
                0x080003a2        0x2 CMakeFiles/usb_test.elf.dir/Core/Src/stm32g4xx_it.c.obj
                0x080003a2                DebugMon_Handler
 .text.USB_HP_IRQHandler
                0x080003a4       0x10 CMakeFiles/usb_test.elf.dir/Core/Src/stm32g4xx_it.c.obj
                0x080003a4                USB_HP_IRQHandler
 .text.USB_LP_IRQHandler
                0x080003b4       0x10 CMakeFiles/usb_test.elf.dir/Core/Src/stm32g4xx_it.c.obj
                0x080003b4                USB_LP_IRQHandler
 .text.TIM6_DAC_IRQHandler
                0x080003c4       0x18 CMakeFiles/usb_test.elf.dir/Core/Src/stm32g4xx_it.c.obj
                0x080003c4                TIM6_DAC_IRQHandler
 .text.SystemInit
                0x080003dc       0x14 CMakeFiles/usb_test.elf.dir/Core/Src/system_stm32g4xx.c.obj
                0x080003dc                SystemInit
 .text.HAL_TIM_Base_MspInit
                0x080003f0      0x2b8 CMakeFiles/usb_test.elf.dir/Core/Src/tim.c.obj
                0x080003f0                HAL_TIM_Base_MspInit
 .text.Reset_Handler
                0x080006a8       0x50 CMakeFiles/usb_test.elf.dir/Core/Startup/startup_stm32g473qetx.s.obj
                0x080006a8                Reset_Handler
 .text.Default_Handler
                0x080006f8        0x2 CMakeFiles/usb_test.elf.dir/Core/Startup/startup_stm32g473qetx.s.obj
                0x080006f8                RTC_Alarm_IRQHandler
                0x080006f8                EXTI2_IRQHandler
                0x080006f8                TIM8_TRG_COM_IRQHandler
                0x080006f8                TIM8_CC_IRQHandler
                0x080006f8                SPI4_IRQHandler
                0x080006f8                FDCAN3_IT0_IRQHandler
                0x080006f8                TIM1_CC_IRQHandler
                0x080006f8                CORDIC_IRQHandler
                0x080006f8                DMA2_Channel8_IRQHandler
                0x080006f8                EXTI3_IRQHandler
                0x080006f8                I2C3_ER_IRQHandler
                0x080006f8                EXTI0_IRQHandler
                0x080006f8                I2C2_EV_IRQHandler
                0x080006f8                FPU_IRQHandler
                0x080006f8                FDCAN1_IT1_IRQHandler
                0x080006f8                TIM1_UP_TIM16_IRQHandler
                0x080006f8                ADC1_2_IRQHandler
                0x080006f8                SPI1_IRQHandler
                0x080006f8                TIM8_UP_IRQHandler
                0x080006f8                DMA2_Channel2_IRQHandler
                0x080006f8                DMA1_Channel4_IRQHandler
                0x080006f8                TIM20_TRG_COM_IRQHandler
                0x080006f8                USART3_IRQHandler
                0x080006f8                DMA1_Channel7_IRQHandler
                0x080006f8                UART5_IRQHandler
                0x080006f8                ADC3_IRQHandler
                0x080006f8                TIM4_IRQHandler
                0x080006f8                DMA2_Channel1_IRQHandler
                0x080006f8                QUADSPI_IRQHandler
                0x080006f8                I2C1_EV_IRQHandler
                0x080006f8                DMA1_Channel6_IRQHandler
                0x080006f8                UART4_IRQHandler
                0x080006f8                DMA2_Channel4_IRQHandler
                0x080006f8                TIM3_IRQHandler
                0x080006f8                RCC_IRQHandler
                0x080006f8                TIM20_UP_IRQHandler
                0x080006f8                DMA1_Channel1_IRQHandler
                0x080006f8                Default_Handler
                0x080006f8                DMA2_Channel7_IRQHandler
                0x080006f8                RTC_TAMP_LSECSS_IRQHandler
                0x080006f8                FMAC_IRQHandler
                0x080006f8                EXTI15_10_IRQHandler
                0x080006f8                DMA1_Channel8_IRQHandler
                0x080006f8                TIM7_DAC_IRQHandler
                0x080006f8                FDCAN3_IT1_IRQHandler
                0x080006f8                TIM5_IRQHandler
                0x080006f8                UCPD1_IRQHandler
                0x080006f8                I2C3_EV_IRQHandler
                0x080006f8                EXTI9_5_IRQHandler
                0x080006f8                RTC_WKUP_IRQHandler
                0x080006f8                PVD_PVM_IRQHandler
                0x080006f8                SPI2_IRQHandler
                0x080006f8                ADC5_IRQHandler
                0x080006f8                DMA2_Channel5_IRQHandler
                0x080006f8                CRS_IRQHandler
                0x080006f8                DMA1_Channel5_IRQHandler
                0x080006f8                EXTI4_IRQHandler
                0x080006f8                RNG_IRQHandler
                0x080006f8                TIM1_TRG_COM_TIM17_IRQHandler
                0x080006f8                FDCAN2_IT1_IRQHandler
                0x080006f8                DMA1_Channel3_IRQHandler
                0x080006f8                ADC4_IRQHandler
                0x080006f8                WWDG_IRQHandler
                0x080006f8                I2C4_EV_IRQHandler
                0x080006f8                FDCAN2_IT0_IRQHandler
                0x080006f8                LPUART1_IRQHandler
                0x080006f8                DMA2_Channel6_IRQHandler
                0x080006f8                FDCAN1_IT0_IRQHandler
                0x080006f8                TIM2_IRQHandler
                0x080006f8                COMP7_IRQHandler
                0x080006f8                COMP1_2_3_IRQHandler
                0x080006f8                EXTI1_IRQHandler
                0x080006f8                USART2_IRQHandler
                0x080006f8                COMP4_5_6_IRQHandler
                0x080006f8                TIM20_BRK_IRQHandler
                0x080006f8                I2C2_ER_IRQHandler
                0x080006f8                DMA1_Channel2_IRQHandler
                0x080006f8                TIM8_BRK_IRQHandler
                0x080006f8                FLASH_IRQHandler
                0x080006f8                TIM20_CC_IRQHandler
                0x080006f8                USART1_IRQHandler
                0x080006f8                SPI3_IRQHandler
                0x080006f8                I2C1_ER_IRQHandler
                0x080006f8                FMC_IRQHandler
                0x080006f8                LPTIM1_IRQHandler
                0x080006f8                DMAMUX_OVR_IRQHandler
                0x080006f8                I2C4_ER_IRQHandler
                0x080006f8                USBWakeUp_IRQHandler
                0x080006f8                SAI1_IRQHandler
                0x080006f8                DMA2_Channel3_IRQHandler
                0x080006f8                TIM1_BRK_TIM15_IRQHandler
 .text.stm32_lock_acquire
                0x080006fa       0x3a CMakeFiles/usb_test.elf.dir/Core/ThreadSafe/newlib_lock_glue.c.obj
 .text.stm32_lock_release
                0x08000734       0x2a CMakeFiles/usb_test.elf.dir/Core/ThreadSafe/newlib_lock_glue.c.obj
 .text.__retarget_lock_acquire_recursive
                0x0800075e       0x12 CMakeFiles/usb_test.elf.dir/Core/ThreadSafe/newlib_lock_glue.c.obj
                0x0800075e                __retarget_lock_acquire_recursive
 .text.__retarget_lock_release_recursive
                0x08000770       0x12 CMakeFiles/usb_test.elf.dir/Core/ThreadSafe/newlib_lock_glue.c.obj
                0x08000770                __retarget_lock_release_recursive
 *fill*         0x08000782        0x2 
 .text.HAL_IncTick
                0x08000784       0x18 CMakeFiles/usb_test.elf.dir/Drivers/STM32G4xx_HAL_Driver/Src/stm32g4xx_hal.c.obj
                0x08000784                HAL_IncTick
 .text.HAL_GetTick
                0x0800079c        0xc CMakeFiles/usb_test.elf.dir/Drivers/STM32G4xx_HAL_Driver/Src/stm32g4xx_hal.c.obj
                0x0800079c                HAL_GetTick
 .text.__NVIC_EnableIRQ
                0x080007a8       0x1c CMakeFiles/usb_test.elf.dir/Drivers/STM32G4xx_HAL_Driver/Src/stm32g4xx_hal_cortex.c.obj
 .text.__NVIC_SetPriority
                0x080007c4       0x28 CMakeFiles/usb_test.elf.dir/Drivers/STM32G4xx_HAL_Driver/Src/stm32g4xx_hal_cortex.c.obj
 .text.NVIC_EncodePriority
                0x080007ec       0x3e CMakeFiles/usb_test.elf.dir/Drivers/STM32G4xx_HAL_Driver/Src/stm32g4xx_hal_cortex.c.obj
 *fill*         0x0800082a        0x2 
 .text.HAL_NVIC_SetPriority
                0x0800082c       0x48 CMakeFiles/usb_test.elf.dir/Drivers/STM32G4xx_HAL_Driver/Src/stm32g4xx_hal_cortex.c.obj
                0x0800082c                HAL_NVIC_SetPriority
 .text.HAL_NVIC_EnableIRQ
                0x08000874       0x1c CMakeFiles/usb_test.elf.dir/Drivers/STM32G4xx_HAL_Driver/Src/stm32g4xx_hal_cortex.c.obj
                0x08000874                HAL_NVIC_EnableIRQ
 .text.HAL_DAC_DMAUnderrunCallbackCh1
                0x08000890        0x2 CMakeFiles/usb_test.elf.dir/Drivers/STM32G4xx_HAL_Driver/Src/stm32g4xx_hal_dac.c.obj
                0x08000890                HAL_DAC_DMAUnderrunCallbackCh1
 .text.HAL_DAC_IRQHandler
                0x08000892       0x6c CMakeFiles/usb_test.elf.dir/Drivers/STM32G4xx_HAL_Driver/Src/stm32g4xx_hal_dac.c.obj
                0x08000892                HAL_DAC_IRQHandler
 .text.HAL_DACEx_DMAUnderrunCallbackCh2
                0x080008fe        0x2 CMakeFiles/usb_test.elf.dir/Drivers/STM32G4xx_HAL_Driver/Src/stm32g4xx_hal_dac_ex.c.obj
                0x080008fe                HAL_DACEx_DMAUnderrunCallbackCh2
 .text.HAL_GPIO_Init
                0x08000900      0x2c8 CMakeFiles/usb_test.elf.dir/Drivers/STM32G4xx_HAL_Driver/Src/stm32g4xx_hal_gpio.c.obj
                0x08000900                HAL_GPIO_Init
 .text.HAL_PCD_EP_DB_Receive
                0x08000bc8      0x118 CMakeFiles/usb_test.elf.dir/Drivers/STM32G4xx_HAL_Driver/Src/stm32g4xx_hal_pcd.c.obj
 .text.HAL_PCD_EP_DB_Transmit
                0x08000ce0      0x414 CMakeFiles/usb_test.elf.dir/Drivers/STM32G4xx_HAL_Driver/Src/stm32g4xx_hal_pcd.c.obj
 .text.PCD_EP_ISR_Handler
                0x080010f4      0x536 CMakeFiles/usb_test.elf.dir/Drivers/STM32G4xx_HAL_Driver/Src/stm32g4xx_hal_pcd.c.obj
 .text.HAL_PCD_SetAddress
                0x0800162a       0x26 CMakeFiles/usb_test.elf.dir/Drivers/STM32G4xx_HAL_Driver/Src/stm32g4xx_hal_pcd.c.obj
                0x0800162a                HAL_PCD_SetAddress
 .text.HAL_PCD_IRQHandler
                0x08001650      0x1b2 CMakeFiles/usb_test.elf.dir/Drivers/STM32G4xx_HAL_Driver/Src/stm32g4xx_hal_pcd.c.obj
                0x08001650                HAL_PCD_IRQHandler
 .text.HAL_PCD_EP_Open
                0x08001802       0x84 CMakeFiles/usb_test.elf.dir/Drivers/STM32G4xx_HAL_Driver/Src/stm32g4xx_hal_pcd.c.obj
                0x08001802                HAL_PCD_EP_Open
 .text.HAL_PCD_EP_Receive
                0x08001886       0x3a CMakeFiles/usb_test.elf.dir/Drivers/STM32G4xx_HAL_Driver/Src/stm32g4xx_hal_pcd.c.obj
                0x08001886                HAL_PCD_EP_Receive
 .text.HAL_PCD_EP_Transmit
                0x080018c0       0x4c CMakeFiles/usb_test.elf.dir/Drivers/STM32G4xx_HAL_Driver/Src/stm32g4xx_hal_pcd.c.obj
                0x080018c0                HAL_PCD_EP_Transmit
 .text.HAL_PCD_EP_SetStall
                0x0800190c       0x72 CMakeFiles/usb_test.elf.dir/Drivers/STM32G4xx_HAL_Driver/Src/stm32g4xx_hal_pcd.c.obj
                0x0800190c                HAL_PCD_EP_SetStall
 .text.HAL_PCD_EP_ClrStall
                0x0800197e       0x7e CMakeFiles/usb_test.elf.dir/Drivers/STM32G4xx_HAL_Driver/Src/stm32g4xx_hal_pcd.c.obj
                0x0800197e                HAL_PCD_EP_ClrStall
 .text.HAL_PWREx_ControlVoltageScaling
                0x080019fc      0x128 CMakeFiles/usb_test.elf.dir/Drivers/STM32G4xx_HAL_Driver/Src/stm32g4xx_hal_pwr_ex.c.obj
                0x080019fc                HAL_PWREx_ControlVoltageScaling
 .text.RCC_GetSysClockFreqFromPLLSource
                0x08001b24       0x58 CMakeFiles/usb_test.elf.dir/Drivers/STM32G4xx_HAL_Driver/Src/stm32g4xx_hal_rcc.c.obj
 .text.HAL_RCC_OscConfig
                0x08001b7c      0x630 CMakeFiles/usb_test.elf.dir/Drivers/STM32G4xx_HAL_Driver/Src/stm32g4xx_hal_rcc.c.obj
                0x08001b7c                HAL_RCC_OscConfig
 .text.HAL_RCC_GetSysClockFreq
                0x080021ac       0x88 CMakeFiles/usb_test.elf.dir/Drivers/STM32G4xx_HAL_Driver/Src/stm32g4xx_hal_rcc.c.obj
                0x080021ac                HAL_RCC_GetSysClockFreq
 .text.HAL_RCC_ClockConfig
                0x08002234      0x2c0 CMakeFiles/usb_test.elf.dir/Drivers/STM32G4xx_HAL_Driver/Src/stm32g4xx_hal_rcc.c.obj
                0x08002234                HAL_RCC_ClockConfig
 .text.HAL_RCC_GetHCLKFreq
                0x080024f4        0xc CMakeFiles/usb_test.elf.dir/Drivers/STM32G4xx_HAL_Driver/Src/stm32g4xx_hal_rcc.c.obj
                0x080024f4                HAL_RCC_GetHCLKFreq
 .text.HAL_RCC_GetPCLK1Freq
                0x08002500       0x24 CMakeFiles/usb_test.elf.dir/Drivers/STM32G4xx_HAL_Driver/Src/stm32g4xx_hal_rcc.c.obj
                0x08002500                HAL_RCC_GetPCLK1Freq
 .text.HAL_RCC_GetClockConfig
                0x08002524       0x64 CMakeFiles/usb_test.elf.dir/Drivers/STM32G4xx_HAL_Driver/Src/stm32g4xx_hal_rcc.c.obj
                0x08002524                HAL_RCC_GetClockConfig
 .text.HAL_TIM_Base_Start_IT
                0x08002588      0x104 CMakeFiles/usb_test.elf.dir/Drivers/STM32G4xx_HAL_Driver/Src/stm32g4xx_hal_tim.c.obj
                0x08002588                HAL_TIM_Base_Start_IT
 .text.HAL_TIM_OC_DelayElapsedCallback
                0x0800268c        0x2 CMakeFiles/usb_test.elf.dir/Drivers/STM32G4xx_HAL_Driver/Src/stm32g4xx_hal_tim.c.obj
                0x0800268c                HAL_TIM_OC_DelayElapsedCallback
 .text.HAL_TIM_IC_CaptureCallback
                0x0800268e        0x2 CMakeFiles/usb_test.elf.dir/Drivers/STM32G4xx_HAL_Driver/Src/stm32g4xx_hal_tim.c.obj
                0x0800268e                HAL_TIM_IC_CaptureCallback
 .text.HAL_TIM_PWM_PulseFinishedCallback
                0x08002690        0x2 CMakeFiles/usb_test.elf.dir/Drivers/STM32G4xx_HAL_Driver/Src/stm32g4xx_hal_tim.c.obj
                0x08002690                HAL_TIM_PWM_PulseFinishedCallback
 .text.HAL_TIM_TriggerCallback
                0x08002692        0x2 CMakeFiles/usb_test.elf.dir/Drivers/STM32G4xx_HAL_Driver/Src/stm32g4xx_hal_tim.c.obj
                0x08002692                HAL_TIM_TriggerCallback
 .text.HAL_TIM_IRQHandler
                0x08002694      0x1ea CMakeFiles/usb_test.elf.dir/Drivers/STM32G4xx_HAL_Driver/Src/stm32g4xx_hal_tim.c.obj
                0x08002694                HAL_TIM_IRQHandler
 *fill*         0x0800287e        0x2 
 .text.TIM_Base_SetConfig
                0x08002880       0xf0 CMakeFiles/usb_test.elf.dir/Drivers/STM32G4xx_HAL_Driver/Src/stm32g4xx_hal_tim.c.obj
                0x08002880                TIM_Base_SetConfig
 .text.HAL_TIM_Base_Init
                0x08002970      0x160 CMakeFiles/usb_test.elf.dir/Drivers/STM32G4xx_HAL_Driver/Src/stm32g4xx_hal_tim.c.obj
                0x08002970                HAL_TIM_Base_Init
 .text.HAL_TIMEx_CommutCallback
                0x08002ad0        0x2 CMakeFiles/usb_test.elf.dir/Drivers/STM32G4xx_HAL_Driver/Src/stm32g4xx_hal_tim_ex.c.obj
                0x08002ad0                HAL_TIMEx_CommutCallback
 .text.HAL_TIMEx_BreakCallback
                0x08002ad2        0x2 CMakeFiles/usb_test.elf.dir/Drivers/STM32G4xx_HAL_Driver/Src/stm32g4xx_hal_tim_ex.c.obj
                0x08002ad2                HAL_TIMEx_BreakCallback
 .text.HAL_TIMEx_Break2Callback
                0x08002ad4        0x2 CMakeFiles/usb_test.elf.dir/Drivers/STM32G4xx_HAL_Driver/Src/stm32g4xx_hal_tim_ex.c.obj
                0x08002ad4                HAL_TIMEx_Break2Callback
 .text.HAL_TIMEx_EncoderIndexCallback
                0x08002ad6        0x2 CMakeFiles/usb_test.elf.dir/Drivers/STM32G4xx_HAL_Driver/Src/stm32g4xx_hal_tim_ex.c.obj
                0x08002ad6                HAL_TIMEx_EncoderIndexCallback
 .text.HAL_TIMEx_DirectionChangeCallback
                0x08002ad8        0x2 CMakeFiles/usb_test.elf.dir/Drivers/STM32G4xx_HAL_Driver/Src/stm32g4xx_hal_tim_ex.c.obj
                0x08002ad8                HAL_TIMEx_DirectionChangeCallback
 .text.HAL_TIMEx_IndexErrorCallback
                0x08002ada        0x2 CMakeFiles/usb_test.elf.dir/Drivers/STM32G4xx_HAL_Driver/Src/stm32g4xx_hal_tim_ex.c.obj
                0x08002ada                HAL_TIMEx_IndexErrorCallback
 .text.HAL_TIMEx_TransitionErrorCallback
                0x08002adc        0x2 CMakeFiles/usb_test.elf.dir/Drivers/STM32G4xx_HAL_Driver/Src/stm32g4xx_hal_tim_ex.c.obj
                0x08002adc                HAL_TIMEx_TransitionErrorCallback
 .text.USB_ActivateEndpoint
                0x08002ade      0x3ca CMakeFiles/usb_test.elf.dir/Drivers/STM32G4xx_HAL_Driver/Src/stm32g4xx_ll_usb.c.obj
                0x08002ade                USB_ActivateEndpoint
 .text.USB_EPSetStall
                0x08002ea8       0x4a CMakeFiles/usb_test.elf.dir/Drivers/STM32G4xx_HAL_Driver/Src/stm32g4xx_ll_usb.c.obj
                0x08002ea8                USB_EPSetStall
 .text.USB_EPClearStall
                0x08002ef2       0xa2 CMakeFiles/usb_test.elf.dir/Drivers/STM32G4xx_HAL_Driver/Src/stm32g4xx_ll_usb.c.obj
                0x08002ef2                USB_EPClearStall
 .text.USB_SetDevAddress
                0x08002f94        0xc CMakeFiles/usb_test.elf.dir/Drivers/STM32G4xx_HAL_Driver/Src/stm32g4xx_ll_usb.c.obj
                0x08002f94                USB_SetDevAddress
 .text.USB_ReadInterrupts
                0x08002fa0        0x8 CMakeFiles/usb_test.elf.dir/Drivers/STM32G4xx_HAL_Driver/Src/stm32g4xx_ll_usb.c.obj
                0x08002fa0                USB_ReadInterrupts
 .text.USB_WritePMA
                0x08002fa8       0x24 CMakeFiles/usb_test.elf.dir/Drivers/STM32G4xx_HAL_Driver/Src/stm32g4xx_ll_usb.c.obj
                0x08002fa8                USB_WritePMA
 .text.USB_EPStartXfer
                0x08002fcc      0x7ce CMakeFiles/usb_test.elf.dir/Drivers/STM32G4xx_HAL_Driver/Src/stm32g4xx_ll_usb.c.obj
                0x08002fcc                USB_EPStartXfer
 .text.USB_ReadPMA
                0x0800379a       0x30 CMakeFiles/usb_test.elf.dir/Drivers/STM32G4xx_HAL_Driver/Src/stm32g4xx_ll_usb.c.obj
                0x0800379a                USB_ReadPMA
 .text.USBD_SetClassConfig
                0x080037ca       0x12 CMakeFiles/usb_test.elf.dir/Middlewares/ST/STM32_USB_Device_Library/Core/Src/usbd_core.c.obj
                0x080037ca                USBD_SetClassConfig
 .text.USBD_ClrClassConfig
                0x080037dc       0x10 CMakeFiles/usb_test.elf.dir/Middlewares/ST/STM32_USB_Device_Library/Core/Src/usbd_core.c.obj
                0x080037dc                USBD_ClrClassConfig
 .text.USBD_LL_SetupStage
                0x080037ec       0x58 CMakeFiles/usb_test.elf.dir/Middlewares/ST/STM32_USB_Device_Library/Core/Src/usbd_core.c.obj
                0x080037ec                USBD_LL_SetupStage
 .text.USBD_LL_DataOutStage
                0x08003844       0x78 CMakeFiles/usb_test.elf.dir/Middlewares/ST/STM32_USB_Device_Library/Core/Src/usbd_core.c.obj
                0x08003844                USBD_LL_DataOutStage
 .text.USBD_LL_DataInStage
                0x080038bc       0xbe CMakeFiles/usb_test.elf.dir/Middlewares/ST/STM32_USB_Device_Library/Core/Src/usbd_core.c.obj
                0x080038bc                USBD_LL_DataInStage
 .text.USBD_LL_Reset
                0x0800397a       0x5a CMakeFiles/usb_test.elf.dir/Middlewares/ST/STM32_USB_Device_Library/Core/Src/usbd_core.c.obj
                0x0800397a                USBD_LL_Reset
 .text.USBD_LL_SetSpeed
                0x080039d4        0x6 CMakeFiles/usb_test.elf.dir/Middlewares/ST/STM32_USB_Device_Library/Core/Src/usbd_core.c.obj
                0x080039d4                USBD_LL_SetSpeed
 .text.USBD_LL_Suspend
                0x080039da       0x14 CMakeFiles/usb_test.elf.dir/Middlewares/ST/STM32_USB_Device_Library/Core/Src/usbd_core.c.obj
                0x080039da                USBD_LL_Suspend
 .text.USBD_LL_Resume
                0x080039ee       0x1a CMakeFiles/usb_test.elf.dir/Middlewares/ST/STM32_USB_Device_Library/Core/Src/usbd_core.c.obj
                0x080039ee                USBD_LL_Resume
 .text.USBD_LL_SOF
                0x08003a08       0x28 CMakeFiles/usb_test.elf.dir/Middlewares/ST/STM32_USB_Device_Library/Core/Src/usbd_core.c.obj
                0x08003a08                USBD_LL_SOF
 .text.USBD_SetFeature
                0x08003a30       0x14 CMakeFiles/usb_test.elf.dir/Middlewares/ST/STM32_USB_Device_Library/Core/Src/usbd_ctlreq.c.obj
 .text.USBD_ParseSetupRequest
                0x08003a44       0x28 CMakeFiles/usb_test.elf.dir/Middlewares/ST/STM32_USB_Device_Library/Core/Src/usbd_ctlreq.c.obj
                0x08003a44                USBD_ParseSetupRequest
 .text.USBD_CtlError
                0x08003a6c       0x14 CMakeFiles/usb_test.elf.dir/Middlewares/ST/STM32_USB_Device_Library/Core/Src/usbd_ctlreq.c.obj
                0x08003a6c                USBD_CtlError
 .text.USBD_GetDescriptor
                0x08003a80      0x1ac CMakeFiles/usb_test.elf.dir/Middlewares/ST/STM32_USB_Device_Library/Core/Src/usbd_ctlreq.c.obj
 .text.USBD_SetAddress
                0x08003c2c       0x50 CMakeFiles/usb_test.elf.dir/Middlewares/ST/STM32_USB_Device_Library/Core/Src/usbd_ctlreq.c.obj
 .text.USBD_SetConfig
                0x08003c7c       0xc8 CMakeFiles/usb_test.elf.dir/Middlewares/ST/STM32_USB_Device_Library/Core/Src/usbd_ctlreq.c.obj
 .text.USBD_GetConfig
                0x08003d44       0x40 CMakeFiles/usb_test.elf.dir/Middlewares/ST/STM32_USB_Device_Library/Core/Src/usbd_ctlreq.c.obj
 .text.USBD_GetStatus
                0x08003d84       0x38 CMakeFiles/usb_test.elf.dir/Middlewares/ST/STM32_USB_Device_Library/Core/Src/usbd_ctlreq.c.obj
 .text.USBD_ClrFeature
                0x08003dbc       0x26 CMakeFiles/usb_test.elf.dir/Middlewares/ST/STM32_USB_Device_Library/Core/Src/usbd_ctlreq.c.obj
 .text.USBD_StdDevReq
                0x08003de2       0x70 CMakeFiles/usb_test.elf.dir/Middlewares/ST/STM32_USB_Device_Library/Core/Src/usbd_ctlreq.c.obj
                0x08003de2                USBD_StdDevReq
 .text.USBD_StdItfReq
                0x08003e52       0x68 CMakeFiles/usb_test.elf.dir/Middlewares/ST/STM32_USB_Device_Library/Core/Src/usbd_ctlreq.c.obj
                0x08003e52                USBD_StdItfReq
 .text.USBD_StdEPReq
                0x08003eba      0x1ec CMakeFiles/usb_test.elf.dir/Middlewares/ST/STM32_USB_Device_Library/Core/Src/usbd_ctlreq.c.obj
                0x08003eba                USBD_StdEPReq
 .text.USBD_CtlSendData
                0x080040a6       0x1a CMakeFiles/usb_test.elf.dir/Middlewares/ST/STM32_USB_Device_Library/Core/Src/usbd_ioreq.c.obj
                0x080040a6                USBD_CtlSendData
 .text.USBD_CtlContinueSendData
                0x080040c0       0x10 CMakeFiles/usb_test.elf.dir/Middlewares/ST/STM32_USB_Device_Library/Core/Src/usbd_ioreq.c.obj
                0x080040c0                USBD_CtlContinueSendData
 .text.USBD_CtlContinueRx
                0x080040d0       0x10 CMakeFiles/usb_test.elf.dir/Middlewares/ST/STM32_USB_Device_Library/Core/Src/usbd_ioreq.c.obj
                0x080040d0                USBD_CtlContinueRx
 .text.USBD_CtlSendStatus
                0x080040e0       0x16 CMakeFiles/usb_test.elf.dir/Middlewares/ST/STM32_USB_Device_Library/Core/Src/usbd_ioreq.c.obj
                0x080040e0                USBD_CtlSendStatus
 .text.USBD_CtlReceiveStatus
                0x080040f6       0x16 CMakeFiles/usb_test.elf.dir/Middlewares/ST/STM32_USB_Device_Library/Core/Src/usbd_ioreq.c.obj
                0x080040f6                USBD_CtlReceiveStatus
 .text.SysTick_Handler
                0x0800410c       0x18 CMakeFiles/usb_test.elf.dir/Middlewares/Third_Party/FreeRTOS/Source/CMSIS_RTOS_V2/cmsis_os2.c.obj
                0x0800410c                SysTick_Handler
 .text.vListInsertEnd
                0x08004124       0x16 CMakeFiles/usb_test.elf.dir/Middlewares/Third_Party/FreeRTOS/Source/list.c.obj
                0x08004124                vListInsertEnd
 .text.uxListRemove
                0x0800413a       0x26 CMakeFiles/usb_test.elf.dir/Middlewares/Third_Party/FreeRTOS/Source/list.c.obj
                0x0800413a                uxListRemove
 .text.SVC_Handler
                0x08004160       0x24 CMakeFiles/usb_test.elf.dir/Middlewares/Third_Party/FreeRTOS/Source/portable/GCC/ARM_CM4F/port.c.obj
                0x08004160                SVC_Handler
 *fill*         0x08004184        0xc 
 .text.PendSV_Handler
                0x08004190       0x64 CMakeFiles/usb_test.elf.dir/Middlewares/Third_Party/FreeRTOS/Source/portable/GCC/ARM_CM4F/port.c.obj
                0x08004190                PendSV_Handler
 .text.xPortSysTickHandler
                0x080041f4       0x2c CMakeFiles/usb_test.elf.dir/Middlewares/Third_Party/FreeRTOS/Source/portable/GCC/ARM_CM4F/port.c.obj
                0x080041f4                xPortSysTickHandler
 .text.prvResetNextTaskUnblockTime
                0x08004220       0x2c CMakeFiles/usb_test.elf.dir/Middlewares/Third_Party/FreeRTOS/Source/tasks.c.obj
 .text.xTaskIncrementTick
                0x0800424c      0x118 CMakeFiles/usb_test.elf.dir/Middlewares/Third_Party/FreeRTOS/Source/tasks.c.obj
                0x0800424c                xTaskIncrementTick
 .text.vTaskSwitchContext
                0x08004364      0x104 CMakeFiles/usb_test.elf.dir/Middlewares/Third_Party/FreeRTOS/Source/tasks.c.obj
                0x08004364                vTaskSwitchContext
 .text.xTaskGetSchedulerState
                0x08004468       0x20 CMakeFiles/usb_test.elf.dir/Middlewares/Third_Party/FreeRTOS/Source/tasks.c.obj
                0x08004468                xTaskGetSchedulerState
 .text.USBD_Get_USB_Status
                0x08004488       0x14 CMakeFiles/usb_test.elf.dir/USB_Device/Target/usbd_conf.c.obj
 .text.SystemClockConfig_Resume
                0x0800449c        0x8 CMakeFiles/usb_test.elf.dir/USB_Device/Target/usbd_conf.c.obj
 .text.HAL_PCD_SetupStageCallback
                0x080044a4       0x10 CMakeFiles/usb_test.elf.dir/USB_Device/Target/usbd_conf.c.obj
                0x080044a4                HAL_PCD_SetupStageCallback
 .text.HAL_PCD_DataOutStageCallback
                0x080044b4       0x18 CMakeFiles/usb_test.elf.dir/USB_Device/Target/usbd_conf.c.obj
                0x080044b4                HAL_PCD_DataOutStageCallback
 .text.HAL_PCD_DataInStageCallback
                0x080044cc       0x16 CMakeFiles/usb_test.elf.dir/USB_Device/Target/usbd_conf.c.obj
                0x080044cc                HAL_PCD_DataInStageCallback
 .text.HAL_PCD_SOFCallback
                0x080044e2        0xc CMakeFiles/usb_test.elf.dir/USB_Device/Target/usbd_conf.c.obj
                0x080044e2                HAL_PCD_SOFCallback
 .text.HAL_PCD_ResetCallback
                0x080044ee       0x24 CMakeFiles/usb_test.elf.dir/USB_Device/Target/usbd_conf.c.obj
                0x080044ee                HAL_PCD_ResetCallback
 *fill*         0x08004512        0x2 
 .text.HAL_PCD_SuspendCallback
                0x08004514       0x20 CMakeFiles/usb_test.elf.dir/USB_Device/Target/usbd_conf.c.obj
                0x08004514                HAL_PCD_SuspendCallback
 .text.HAL_PCD_ResumeCallback
                0x08004534       0x28 CMakeFiles/usb_test.elf.dir/USB_Device/Target/usbd_conf.c.obj
                0x08004534                HAL_PCD_ResumeCallback
 .text.USBD_LL_OpenEP
                0x0800455c       0x16 CMakeFiles/usb_test.elf.dir/USB_Device/Target/usbd_conf.c.obj
                0x0800455c                USBD_LL_OpenEP
 .text.USBD_LL_StallEP
                0x08004572       0x10 CMakeFiles/usb_test.elf.dir/USB_Device/Target/usbd_conf.c.obj
                0x08004572                USBD_LL_StallEP
 .text.USBD_LL_ClearStallEP
                0x08004582       0x10 CMakeFiles/usb_test.elf.dir/USB_Device/Target/usbd_conf.c.obj
                0x08004582                USBD_LL_ClearStallEP
 .text.USBD_LL_IsStallEP
                0x08004592       0x2c CMakeFiles/usb_test.elf.dir/USB_Device/Target/usbd_conf.c.obj
                0x08004592                USBD_LL_IsStallEP
 .text.USBD_LL_SetUSBAddress
                0x080045be       0x10 CMakeFiles/usb_test.elf.dir/USB_Device/Target/usbd_conf.c.obj
                0x080045be                USBD_LL_SetUSBAddress
 .text.USBD_LL_Transmit
                0x080045ce       0x10 CMakeFiles/usb_test.elf.dir/USB_Device/Target/usbd_conf.c.obj
                0x080045ce                USBD_LL_Transmit
 .text.USBD_LL_PrepareReceive
                0x080045de       0x10 CMakeFiles/usb_test.elf.dir/USB_Device/Target/usbd_conf.c.obj
                0x080045de                USBD_LL_PrepareReceive
 *fill*         0x080045ee        0x2 
 .text.HAL_PCDEx_LPM_Callback
                0x080045f0       0x44 CMakeFiles/usb_test.elf.dir/USB_Device/Target/usbd_conf.c.obj
                0x080045f0                HAL_PCDEx_LPM_Callback
 .text.memset   0x08004634       0xa4 C:/software/COMPIL~1/ARM-NO~2.2/13C7F1~1.2RE/bin/../lib/gcc/arm-none-eabi/13.2.1/thumb/v7e-m+fp/hard\libg.a(libc_a-memset.o)
                0x08004634                memset
 .text.__libc_init_array
                0x080046d8       0x50 C:/software/COMPIL~1/ARM-NO~2.2/13C7F1~1.2RE/bin/../lib/gcc/arm-none-eabi/13.2.1/thumb/v7e-m+fp/hard\libg.a(libc_a-init.o)
                0x080046d8                __libc_init_array
 .text.startup.register_fini
                0x08004728       0x14 C:/software/COMPIL~1/ARM-NO~2.2/13C7F1~1.2RE/bin/../lib/gcc/arm-none-eabi/13.2.1/thumb/v7e-m+fp/hard\libg.a(libc_a-__call_atexit.o)
 .text.atexit   0x0800473c        0xc C:/software/COMPIL~1/ARM-NO~2.2/13C7F1~1.2RE/bin/../lib/gcc/arm-none-eabi/13.2.1/thumb/v7e-m+fp/hard\libg.a(libc_a-atexit.o)
                0x0800473c                atexit
 .text.__libc_fini_array
                0x08004748       0x28 C:/software/COMPIL~1/ARM-NO~2.2/13C7F1~1.2RE/bin/../lib/gcc/arm-none-eabi/13.2.1/thumb/v7e-m+fp/hard\libg.a(libc_a-fini.o)
                0x08004748                __libc_fini_array
 .text.__register_exitproc
                0x08004770       0x80 C:/software/COMPIL~1/ARM-NO~2.2/13C7F1~1.2RE/bin/../lib/gcc/arm-none-eabi/13.2.1/thumb/v7e-m+fp/hard\libg.a(libc_a-__atexit.o)
                0x08004770                __register_exitproc
 *(.glue_7)
 .glue_7        0x080047f0        0x0 linker stubs
 *(.glue_7t)
 .glue_7t       0x080047f0        0x0 linker stubs
 *(.eh_frame)
 .eh_frame      0x080047f0        0x0 C:/software/COMPIL~1/ARM-NO~2.2/13C7F1~1.2RE/bin/../lib/gcc/arm-none-eabi/13.2.1/thumb/v7e-m+fp/hard/crtbegin.o
 *(.init)
 .init          0x080047f0        0x4 C:/software/COMPIL~1/ARM-NO~2.2/13C7F1~1.2RE/bin/../lib/gcc/arm-none-eabi/13.2.1/thumb/v7e-m+fp/hard/crti.o
                0x080047f0                _init
 .init          0x080047f4        0x8 C:/software/COMPIL~1/ARM-NO~2.2/13C7F1~1.2RE/bin/../lib/gcc/arm-none-eabi/13.2.1/thumb/v7e-m+fp/hard/crtn.o
 *(.fini)
 .fini          0x080047fc        0x4 C:/software/COMPIL~1/ARM-NO~2.2/13C7F1~1.2RE/bin/../lib/gcc/arm-none-eabi/13.2.1/thumb/v7e-m+fp/hard/crti.o
                0x080047fc                _fini
 .fini          0x08004800        0x8 C:/software/COMPIL~1/ARM-NO~2.2/13C7F1~1.2RE/bin/../lib/gcc/arm-none-eabi/13.2.1/thumb/v7e-m+fp/hard/crtn.o
                0x08004808                        . = ALIGN (0x4)
                0x08004808                        _etext = .

.vfp11_veneer   0x08004808        0x0
 .vfp11_veneer  0x08004808        0x0 linker stubs

.v4_bx          0x08004808        0x0
 .v4_bx         0x08004808        0x0 linker stubs

.iplt           0x08004808        0x0
 .iplt          0x08004808        0x0 C:/software/COMPIL~1/ARM-NO~2.2/13C7F1~1.2RE/bin/../lib/gcc/arm-none-eabi/13.2.1/thumb/v7e-m+fp/hard/crtbegin.o

.rodata         0x08004808      0x1c4
                0x08004808                        . = ALIGN (0x4)
 *(.rodata)
 *(.rodata*)
 .rodata.APBPrescTable
                0x08004808        0x8 CMakeFiles/usb_test.elf.dir/Core/Src/system_stm32g4xx.c.obj
                0x08004808                APBPrescTable
 .rodata.AHBPrescTable
                0x08004810       0x10 CMakeFiles/usb_test.elf.dir/Core/Src/system_stm32g4xx.c.obj
                0x08004810                AHBPrescTable
 .rodata.HAL_NVIC_SetPriorityGrouping.str1.4
                0x08004820      0x1ab CMakeFiles/usb_test.elf.dir/Drivers/STM32G4xx_HAL_Driver/Src/stm32g4xx_hal_cortex.c.obj
                                 0x56 (size before relaxing)
 .rodata.HAL_GPIO_Init.str1.4
                0x080049cb       0x54 CMakeFiles/usb_test.elf.dir/Drivers/STM32G4xx_HAL_Driver/Src/stm32g4xx_hal_gpio.c.obj
 .rodata.HAL_PWREx_ControlVoltageScaling.str1.4
                0x080049cb       0x56 CMakeFiles/usb_test.elf.dir/Drivers/STM32G4xx_HAL_Driver/Src/stm32g4xx_hal_pwr_ex.c.obj
 .rodata.HAL_RCC_OscConfig.str1.4
                0x080049cb       0x53 CMakeFiles/usb_test.elf.dir/Drivers/STM32G4xx_HAL_Driver/Src/stm32g4xx_hal_rcc.c.obj
 .rodata.TIM_OC1_SetConfig.str1.4
                0x080049cb       0x53 CMakeFiles/usb_test.elf.dir/Drivers/STM32G4xx_HAL_Driver/Src/stm32g4xx_hal_tim.c.obj
                0x08004a24                        . = ALIGN (0x4)
 *fill*         0x080049cb        0x1 

.rel.dyn        0x080049cc        0x0
 .rel.iplt      0x080049cc        0x0 C:/software/COMPIL~1/ARM-NO~2.2/13C7F1~1.2RE/bin/../lib/gcc/arm-none-eabi/13.2.1/thumb/v7e-m+fp/hard/crtbegin.o

.ARM.extab      0x080049cc        0x0
                0x080049cc                        . = ALIGN (0x4)
 *(.ARM.extab* .gnu.linkonce.armextab.*)
                0x080049cc                        . = ALIGN (0x4)

.ARM            0x080049cc        0x0
                0x080049cc                        . = ALIGN (0x4)
                0x080049cc                        __exidx_start = .
 *(.ARM.exidx*)
                0x080049cc                        __exidx_end = .
                0x080049cc                        . = ALIGN (0x4)

.preinit_array  0x080049cc        0x0
                0x080049cc                        . = ALIGN (0x4)
                0x080049cc                        PROVIDE (__preinit_array_start = .)
 *(.preinit_array*)
                0x080049cc                        PROVIDE (__preinit_array_end = .)
                0x080049cc                        . = ALIGN (0x4)

.init_array     0x080049cc        0x8
                0x080049cc                        . = ALIGN (0x4)
                0x080049cc                        PROVIDE (__init_array_start = .)
 *(SORT_BY_NAME(.init_array.*))
 .init_array.00000
                0x080049cc        0x4 C:/software/COMPIL~1/ARM-NO~2.2/13C7F1~1.2RE/bin/../lib/gcc/arm-none-eabi/13.2.1/thumb/v7e-m+fp/hard\libg.a(libc_a-__call_atexit.o)
 *(.init_array*)
 .init_array    0x080049d0        0x4 C:/software/COMPIL~1/ARM-NO~2.2/13C7F1~1.2RE/bin/../lib/gcc/arm-none-eabi/13.2.1/thumb/v7e-m+fp/hard/crtbegin.o
                0x080049d4                        PROVIDE (__init_array_end = .)
                0x080049d4                        . = ALIGN (0x4)

.fini_array     0x080049d4        0x4
                0x080049d4                        . = ALIGN (0x4)
                0x080049d4                        PROVIDE (__fini_array_start = .)
 *(SORT_BY_NAME(.fini_array.*))
 *(.fini_array*)
 .fini_array    0x080049d4        0x4 C:/software/COMPIL~1/ARM-NO~2.2/13C7F1~1.2RE/bin/../lib/gcc/arm-none-eabi/13.2.1/thumb/v7e-m+fp/hard/crtbegin.o
                0x080049d8                        PROVIDE (__fini_array_end = .)
                0x080049d8                        . = ALIGN (0x4)
                0x080049d8                        _sidata = LOADADDR (.data)

.data           0x20000000      0x134 load address 0x080049d8
                0x20000000                        . = ALIGN (0x4)
                0x20000000                        _sdata = .
 *(.data)
 *(.data*)
 .data.SystemCoreClock
                0x20000000        0x4 CMakeFiles/usb_test.elf.dir/Core/Src/system_stm32g4xx.c.obj
                0x20000000                SystemCoreClock
 .data.uwTickFreq
                0x20000004        0x4 CMakeFiles/usb_test.elf.dir/Drivers/STM32G4xx_HAL_Driver/Src/stm32g4xx_hal.c.obj
                0x20000004                uwTickFreq
 .data.uwTickPrio
                0x20000008        0x4 CMakeFiles/usb_test.elf.dir/Drivers/STM32G4xx_HAL_Driver/Src/stm32g4xx_hal.c.obj
                0x20000008                uwTickPrio
 .data._impure_ptr
                0x2000000c        0x4 C:/software/COMPIL~1/ARM-NO~2.2/13C7F1~1.2RE/bin/../lib/gcc/arm-none-eabi/13.2.1/thumb/v7e-m+fp/hard\libg.a(libc_a-impure.o)
                0x2000000c                _impure_ptr
 .data._impure_data
                0x20000010      0x120 C:/software/COMPIL~1/ARM-NO~2.2/13C7F1~1.2RE/bin/../lib/gcc/arm-none-eabi/13.2.1/thumb/v7e-m+fp/hard\libg.a(libc_a-impure.o)
                0x20000010                _impure_data
 .data.__atexit_recursive_mutex
                0x20000130        0x4 C:/software/COMPIL~1/ARM-NO~2.2/13C7F1~1.2RE/bin/../lib/gcc/arm-none-eabi/13.2.1/thumb/v7e-m+fp/hard\libg.a(libc_a-__call_atexit.o)
                0x20000130                __atexit_recursive_mutex
 *(.RamFunc)
 *(.RamFunc*)
                0x20000134                        . = ALIGN (0x4)
                0x20000134                        _edata = .

.tm_clone_table
                0x20000134        0x0 load address 0x08004b0c
 .tm_clone_table
                0x20000134        0x0 C:/software/COMPIL~1/ARM-NO~2.2/13C7F1~1.2RE/bin/../lib/gcc/arm-none-eabi/13.2.1/thumb/v7e-m+fp/hard/crtbegin.o
 .tm_clone_table
                0x20000134        0x0 C:/software/COMPIL~1/ARM-NO~2.2/13C7F1~1.2RE/bin/../lib/gcc/arm-none-eabi/13.2.1/thumb/v7e-m+fp/hard/crtend.o

.igot.plt       0x20000134        0x0 load address 0x08004b0c
 .igot.plt      0x20000134        0x0 C:/software/COMPIL~1/ARM-NO~2.2/13C7F1~1.2RE/bin/../lib/gcc/arm-none-eabi/13.2.1/thumb/v7e-m+fp/hard/crtbegin.o
                0x20000134                        . = ALIGN (0x4)

.bss            0x20000134      0xad0 load address 0x08004b0c
                0x20000134                        _sbss = .
                0x20000134                        __bss_start__ = _sbss
 *(.bss)
 *(.bss*)
 .bss.completed.1
                0x20000134        0x1 C:/software/COMPIL~1/ARM-NO~2.2/13C7F1~1.2RE/bin/../lib/gcc/arm-none-eabi/13.2.1/thumb/v7e-m+fp/hard/crtbegin.o
 *fill*         0x20000135        0x3 
 .bss.object.0  0x20000138       0x18 C:/software/COMPIL~1/ARM-NO~2.2/13C7F1~1.2RE/bin/../lib/gcc/arm-none-eabi/13.2.1/thumb/v7e-m+fp/hard/crtbegin.o
 .bss.hdac1     0x20000150       0x14 CMakeFiles/usb_test.elf.dir/Core/Src/dac.c.obj
                0x20000150                hdac1
 .bss.htim6     0x20000164       0x4c CMakeFiles/usb_test.elf.dir/Core/Src/stm32g4xx_hal_timebase_tim.c.obj
                0x20000164                htim6
 .bss.__lock___atexit_recursive_mutex
                0x200001b0        0xc CMakeFiles/usb_test.elf.dir/Core/ThreadSafe/newlib_lock_glue.c.obj
                0x200001b0                __lock___atexit_recursive_mutex
 .bss.uwTick    0x200001bc        0x4 CMakeFiles/usb_test.elf.dir/Drivers/STM32G4xx_HAL_Driver/Src/stm32g4xx_hal.c.obj
                0x200001bc                uwTick
 .bss.cfgidx.0  0x200001c0        0x1 CMakeFiles/usb_test.elf.dir/Middlewares/ST/STM32_USB_Device_Library/Core/Src/usbd_ctlreq.c.obj
 *fill*         0x200001c1        0x3 
 .bss.ulTotalRunTime
                0x200001c4        0x4 CMakeFiles/usb_test.elf.dir/Middlewares/Third_Party/FreeRTOS/Source/tasks.c.obj
 .bss.ulTaskSwitchedInTime
                0x200001c8        0x4 CMakeFiles/usb_test.elf.dir/Middlewares/Third_Party/FreeRTOS/Source/tasks.c.obj
 .bss.uxSchedulerSuspended
                0x200001cc        0x4 CMakeFiles/usb_test.elf.dir/Middlewares/Third_Party/FreeRTOS/Source/tasks.c.obj
 .bss.xNextTaskUnblockTime
                0x200001d0        0x4 CMakeFiles/usb_test.elf.dir/Middlewares/Third_Party/FreeRTOS/Source/tasks.c.obj
 .bss.xNumOfOverflows
                0x200001d4        0x4 CMakeFiles/usb_test.elf.dir/Middlewares/Third_Party/FreeRTOS/Source/tasks.c.obj
 .bss.xYieldPending
                0x200001d8        0x4 CMakeFiles/usb_test.elf.dir/Middlewares/Third_Party/FreeRTOS/Source/tasks.c.obj
 .bss.xPendedTicks
                0x200001dc        0x4 CMakeFiles/usb_test.elf.dir/Middlewares/Third_Party/FreeRTOS/Source/tasks.c.obj
 .bss.xSchedulerRunning
                0x200001e0        0x4 CMakeFiles/usb_test.elf.dir/Middlewares/Third_Party/FreeRTOS/Source/tasks.c.obj
 .bss.uxTopReadyPriority
                0x200001e4        0x4 CMakeFiles/usb_test.elf.dir/Middlewares/Third_Party/FreeRTOS/Source/tasks.c.obj
 .bss.xTickCount
                0x200001e8        0x4 CMakeFiles/usb_test.elf.dir/Middlewares/Third_Party/FreeRTOS/Source/tasks.c.obj
 .bss.FreeRTOS_errno
                0x200001ec        0x4 CMakeFiles/usb_test.elf.dir/Middlewares/Third_Party/FreeRTOS/Source/tasks.c.obj
                0x200001ec                FreeRTOS_errno
 .bss.pxOverflowDelayedTaskList
                0x200001f0        0x4 CMakeFiles/usb_test.elf.dir/Middlewares/Third_Party/FreeRTOS/Source/tasks.c.obj
 .bss.pxDelayedTaskList
                0x200001f4        0x4 CMakeFiles/usb_test.elf.dir/Middlewares/Third_Party/FreeRTOS/Source/tasks.c.obj
 .bss.pxReadyTasksLists
                0x200001f8      0x460 CMakeFiles/usb_test.elf.dir/Middlewares/Third_Party/FreeRTOS/Source/tasks.c.obj
 .bss.pxCurrentTCB
                0x20000658        0x4 CMakeFiles/usb_test.elf.dir/Middlewares/Third_Party/FreeRTOS/Source/tasks.c.obj
                0x20000658                pxCurrentTCB
 .bss.hpcd_USB_FS
                0x2000065c      0x2dc CMakeFiles/usb_test.elf.dir/USB_Device/Target/usbd_conf.c.obj
                0x2000065c                hpcd_USB_FS
 .bss.__sf      0x20000938      0x138 C:/software/COMPIL~1/ARM-NO~2.2/13C7F1~1.2RE/bin/../lib/gcc/arm-none-eabi/13.2.1/thumb/v7e-m+fp/hard\libg.a(libc_a-findfp.o)
                0x20000938                __sf
 .bss.__atexit  0x20000a70        0x4 C:/software/COMPIL~1/ARM-NO~2.2/13C7F1~1.2RE/bin/../lib/gcc/arm-none-eabi/13.2.1/thumb/v7e-m+fp/hard\libg.a(libc_a-__call_atexit.o)
                0x20000a70                __atexit
 .bss.__atexit0
                0x20000a74      0x190 C:/software/COMPIL~1/ARM-NO~2.2/13C7F1~1.2RE/bin/../lib/gcc/arm-none-eabi/13.2.1/thumb/v7e-m+fp/hard\libg.a(libc_a-__atexit.o)
                0x20000a74                __atexit0
 *(COMMON)
                0x20000c04                        . = ALIGN (0x4)
                0x20000c04                        _ebss = .
                0x20000c04                        __bss_end__ = _ebss

._user_heap_stack
                0x20000c04      0x604 load address 0x08004b0c
                0x20000c08                        . = ALIGN (0x8)
 *fill*         0x20000c04        0x4 
                [!provide]                        PROVIDE (end = .)
                0x20000c08                        PROVIDE (_end = .)
                0x20000e08                        . = (. + _Min_Heap_Size)
 *fill*         0x20000c08      0x200 
                0x20001208                        . = (. + _Min_Stack_Size)
 *fill*         0x20000e08      0x400 
                0x20001208                        . = ALIGN (0x8)

/DISCARD/
 libc.a(*)
 libm.a(*)
 libgcc.a(*)

.ARM.attributes
                0x00000000       0x30
 *(.ARM.attributes)
 .ARM.attributes
                0x00000000       0x22 C:/software/COMPIL~1/ARM-NO~2.2/13C7F1~1.2RE/bin/../lib/gcc/arm-none-eabi/13.2.1/thumb/v7e-m+fp/hard/crti.o
 .ARM.attributes
                0x00000022       0x34 C:/software/COMPIL~1/ARM-NO~2.2/13C7F1~1.2RE/bin/../lib/gcc/arm-none-eabi/13.2.1/thumb/v7e-m+fp/hard/crtbegin.o
 .ARM.attributes
                0x00000056       0x34 CMakeFiles/usb_test.elf.dir/Core/Src/app_freertos.c.obj
 .ARM.attributes
                0x0000008a       0x34 CMakeFiles/usb_test.elf.dir/Core/Src/dac.c.obj
 .ARM.attributes
                0x000000be       0x34 CMakeFiles/usb_test.elf.dir/Core/Src/main.c.obj
 .ARM.attributes
                0x000000f2       0x34 CMakeFiles/usb_test.elf.dir/Core/Src/stm32g4xx_hal_timebase_tim.c.obj
 .ARM.attributes
                0x00000126       0x34 CMakeFiles/usb_test.elf.dir/Core/Src/stm32g4xx_it.c.obj
 .ARM.attributes
                0x0000015a       0x34 CMakeFiles/usb_test.elf.dir/Core/Src/system_stm32g4xx.c.obj
 .ARM.attributes
                0x0000018e       0x34 CMakeFiles/usb_test.elf.dir/Core/Src/tim.c.obj
 .ARM.attributes
                0x000001c2       0x21 CMakeFiles/usb_test.elf.dir/Core/Startup/startup_stm32g473qetx.s.obj
 .ARM.attributes
                0x000001e3       0x34 CMakeFiles/usb_test.elf.dir/Core/ThreadSafe/newlib_lock_glue.c.obj
 .ARM.attributes
                0x00000217       0x34 CMakeFiles/usb_test.elf.dir/Drivers/STM32G4xx_HAL_Driver/Src/stm32g4xx_hal.c.obj
 .ARM.attributes
                0x0000024b       0x34 CMakeFiles/usb_test.elf.dir/Drivers/STM32G4xx_HAL_Driver/Src/stm32g4xx_hal_cortex.c.obj
 .ARM.attributes
                0x0000027f       0x34 CMakeFiles/usb_test.elf.dir/Drivers/STM32G4xx_HAL_Driver/Src/stm32g4xx_hal_dac.c.obj
 .ARM.attributes
                0x000002b3       0x34 CMakeFiles/usb_test.elf.dir/Drivers/STM32G4xx_HAL_Driver/Src/stm32g4xx_hal_dac_ex.c.obj
 .ARM.attributes
                0x000002e7       0x34 CMakeFiles/usb_test.elf.dir/Drivers/STM32G4xx_HAL_Driver/Src/stm32g4xx_hal_gpio.c.obj
 .ARM.attributes
                0x0000031b       0x34 CMakeFiles/usb_test.elf.dir/Drivers/STM32G4xx_HAL_Driver/Src/stm32g4xx_hal_pcd.c.obj
 .ARM.attributes
                0x0000034f       0x34 CMakeFiles/usb_test.elf.dir/Drivers/STM32G4xx_HAL_Driver/Src/stm32g4xx_hal_pwr_ex.c.obj
 .ARM.attributes
                0x00000383       0x34 CMakeFiles/usb_test.elf.dir/Drivers/STM32G4xx_HAL_Driver/Src/stm32g4xx_hal_rcc.c.obj
 .ARM.attributes
                0x000003b7       0x34 CMakeFiles/usb_test.elf.dir/Drivers/STM32G4xx_HAL_Driver/Src/stm32g4xx_hal_tim.c.obj
 .ARM.attributes
                0x000003eb       0x34 CMakeFiles/usb_test.elf.dir/Drivers/STM32G4xx_HAL_Driver/Src/stm32g4xx_hal_tim_ex.c.obj
 .ARM.attributes
                0x0000041f       0x34 CMakeFiles/usb_test.elf.dir/Drivers/STM32G4xx_HAL_Driver/Src/stm32g4xx_ll_usb.c.obj
 .ARM.attributes
                0x00000453       0x34 CMakeFiles/usb_test.elf.dir/Middlewares/ST/STM32_USB_Device_Library/Core/Src/usbd_core.c.obj
 .ARM.attributes
                0x00000487       0x34 CMakeFiles/usb_test.elf.dir/Middlewares/ST/STM32_USB_Device_Library/Core/Src/usbd_ctlreq.c.obj
 .ARM.attributes
                0x000004bb       0x34 CMakeFiles/usb_test.elf.dir/Middlewares/ST/STM32_USB_Device_Library/Core/Src/usbd_ioreq.c.obj
 .ARM.attributes
                0x000004ef       0x34 CMakeFiles/usb_test.elf.dir/Middlewares/Third_Party/FreeRTOS/Source/CMSIS_RTOS_V2/cmsis_os2.c.obj
 .ARM.attributes
                0x00000523       0x34 CMakeFiles/usb_test.elf.dir/Middlewares/Third_Party/FreeRTOS/Source/list.c.obj
 .ARM.attributes
                0x00000557       0x34 CMakeFiles/usb_test.elf.dir/Middlewares/Third_Party/FreeRTOS/Source/portable/GCC/ARM_CM4F/port.c.obj
 .ARM.attributes
                0x0000058b       0x34 CMakeFiles/usb_test.elf.dir/Middlewares/Third_Party/FreeRTOS/Source/tasks.c.obj
 .ARM.attributes
                0x000005bf       0x34 CMakeFiles/usb_test.elf.dir/USB_Device/Target/usbd_conf.c.obj
 .ARM.attributes
                0x000005f3       0x34 C:/software/COMPIL~1/ARM-NO~2.2/13C7F1~1.2RE/bin/../lib/gcc/arm-none-eabi/13.2.1/thumb/v7e-m+fp/hard\libg.a(libc_a-findfp.o)
 .ARM.attributes
                0x00000627       0x34 C:/software/COMPIL~1/ARM-NO~2.2/13C7F1~1.2RE/bin/../lib/gcc/arm-none-eabi/13.2.1/thumb/v7e-m+fp/hard\libg.a(libc_a-memset.o)
 .ARM.attributes
                0x0000065b       0x34 C:/software/COMPIL~1/ARM-NO~2.2/13C7F1~1.2RE/bin/../lib/gcc/arm-none-eabi/13.2.1/thumb/v7e-m+fp/hard\libg.a(libc_a-impure.o)
 .ARM.attributes
                0x0000068f       0x34 C:/software/COMPIL~1/ARM-NO~2.2/13C7F1~1.2RE/bin/../lib/gcc/arm-none-eabi/13.2.1/thumb/v7e-m+fp/hard\libg.a(libc_a-init.o)
 .ARM.attributes
                0x000006c3       0x34 C:/software/COMPIL~1/ARM-NO~2.2/13C7F1~1.2RE/bin/../lib/gcc/arm-none-eabi/13.2.1/thumb/v7e-m+fp/hard\libg.a(libc_a-__call_atexit.o)
 .ARM.attributes
                0x000006f7       0x34 C:/software/COMPIL~1/ARM-NO~2.2/13C7F1~1.2RE/bin/../lib/gcc/arm-none-eabi/13.2.1/thumb/v7e-m+fp/hard\libg.a(libc_a-atexit.o)
 .ARM.attributes
                0x0000072b       0x34 C:/software/COMPIL~1/ARM-NO~2.2/13C7F1~1.2RE/bin/../lib/gcc/arm-none-eabi/13.2.1/thumb/v7e-m+fp/hard\libg.a(libc_a-fini.o)
 .ARM.attributes
                0x0000075f       0x34 C:/software/COMPIL~1/ARM-NO~2.2/13C7F1~1.2RE/bin/../lib/gcc/arm-none-eabi/13.2.1/thumb/v7e-m+fp/hard\libg.a(libc_a-__atexit.o)
 .ARM.attributes
                0x00000793       0x34 C:/software/COMPIL~1/ARM-NO~2.2/13C7F1~1.2RE/bin/../lib/gcc/arm-none-eabi/13.2.1/thumb/v7e-m+fp/hard/crtend.o
 .ARM.attributes
                0x000007c7       0x22 C:/software/COMPIL~1/ARM-NO~2.2/13C7F1~1.2RE/bin/../lib/gcc/arm-none-eabi/13.2.1/thumb/v7e-m+fp/hard/crtn.o
OUTPUT(usb_test.elf elf32-littlearm)
LOAD linker stubs
LOAD C:/software/COMPIL~1/ARM-NO~2.2/13C7F1~1.2RE/bin/../lib/gcc/arm-none-eabi/13.2.1/thumb/v7e-m+fp/hard\libc.a
LOAD C:/software/COMPIL~1/ARM-NO~2.2/13C7F1~1.2RE/bin/../lib/gcc/arm-none-eabi/13.2.1/thumb/v7e-m+fp/hard\libm.a
LOAD C:/software/COMPIL~1/ARM-NO~2.2/13C7F1~1.2RE/bin/../lib/gcc/arm-none-eabi/13.2.1/thumb/v7e-m+fp/hard\libgcc.a

.debug_info     0x00000000    0x280c1
 .debug_info    0x00000000      0x441 CMakeFiles/usb_test.elf.dir/Core/Src/app_freertos.c.obj
 .debug_info    0x00000441      0xf48 CMakeFiles/usb_test.elf.dir/Core/Src/dac.c.obj
 .debug_info    0x00001389      0xae0 CMakeFiles/usb_test.elf.dir/Core/Src/main.c.obj
 .debug_info    0x00001e69      0xed9 CMakeFiles/usb_test.elf.dir/Core/Src/stm32g4xx_hal_timebase_tim.c.obj
 .debug_info    0x00002d42      0xfcc CMakeFiles/usb_test.elf.dir/Core/Src/stm32g4xx_it.c.obj
 .debug_info    0x00003d0e      0x5a3 CMakeFiles/usb_test.elf.dir/Core/Src/system_stm32g4xx.c.obj
 .debug_info    0x000042b1     0x2682 CMakeFiles/usb_test.elf.dir/Core/Src/tim.c.obj
 .debug_info    0x00006933       0x30 CMakeFiles/usb_test.elf.dir/Core/Startup/startup_stm32g473qetx.s.obj
 .debug_info    0x00006963      0x9ba CMakeFiles/usb_test.elf.dir/Core/ThreadSafe/newlib_lock_glue.c.obj
 .debug_info    0x0000731d      0xcf3 CMakeFiles/usb_test.elf.dir/Drivers/STM32G4xx_HAL_Driver/Src/stm32g4xx_hal.c.obj
 .debug_info    0x00008010     0x123e CMakeFiles/usb_test.elf.dir/Drivers/STM32G4xx_HAL_Driver/Src/stm32g4xx_hal_cortex.c.obj
 .debug_info    0x0000924e     0x1191 CMakeFiles/usb_test.elf.dir/Drivers/STM32G4xx_HAL_Driver/Src/stm32g4xx_hal_dac.c.obj
 .debug_info    0x0000a3df     0x11c5 CMakeFiles/usb_test.elf.dir/Drivers/STM32G4xx_HAL_Driver/Src/stm32g4xx_hal_dac_ex.c.obj
 .debug_info    0x0000b5a4      0x9ae CMakeFiles/usb_test.elf.dir/Drivers/STM32G4xx_HAL_Driver/Src/stm32g4xx_hal_gpio.c.obj
 .debug_info    0x0000bf52     0x1bf3 CMakeFiles/usb_test.elf.dir/Drivers/STM32G4xx_HAL_Driver/Src/stm32g4xx_hal_pcd.c.obj
 .debug_info    0x0000db45      0xb69 CMakeFiles/usb_test.elf.dir/Drivers/STM32G4xx_HAL_Driver/Src/stm32g4xx_hal_pwr_ex.c.obj
 .debug_info    0x0000e6ae     0x1186 CMakeFiles/usb_test.elf.dir/Drivers/STM32G4xx_HAL_Driver/Src/stm32g4xx_hal_rcc.c.obj
 .debug_info    0x0000f834     0x5715 CMakeFiles/usb_test.elf.dir/Drivers/STM32G4xx_HAL_Driver/Src/stm32g4xx_hal_tim.c.obj
 .debug_info    0x00014f49     0x307f CMakeFiles/usb_test.elf.dir/Drivers/STM32G4xx_HAL_Driver/Src/stm32g4xx_hal_tim_ex.c.obj
 .debug_info    0x00017fc8     0x19cb CMakeFiles/usb_test.elf.dir/Drivers/STM32G4xx_HAL_Driver/Src/stm32g4xx_ll_usb.c.obj
 .debug_info    0x00019993      0xeb5 CMakeFiles/usb_test.elf.dir/Middlewares/ST/STM32_USB_Device_Library/Core/Src/usbd_core.c.obj
 .debug_info    0x0001a848     0x1339 CMakeFiles/usb_test.elf.dir/Middlewares/ST/STM32_USB_Device_Library/Core/Src/usbd_ctlreq.c.obj
 .debug_info    0x0001bb81      0x8b4 CMakeFiles/usb_test.elf.dir/Middlewares/ST/STM32_USB_Device_Library/Core/Src/usbd_ioreq.c.obj
 .debug_info    0x0001c435     0x55c2 CMakeFiles/usb_test.elf.dir/Middlewares/Third_Party/FreeRTOS/Source/CMSIS_RTOS_V2/cmsis_os2.c.obj
 .debug_info    0x000219f7      0x2bf CMakeFiles/usb_test.elf.dir/Middlewares/Third_Party/FreeRTOS/Source/list.c.obj
 .debug_info    0x00021cb6      0x55a CMakeFiles/usb_test.elf.dir/Middlewares/Third_Party/FreeRTOS/Source/portable/GCC/ARM_CM4F/port.c.obj
 .debug_info    0x00022210     0x3b6b CMakeFiles/usb_test.elf.dir/Middlewares/Third_Party/FreeRTOS/Source/tasks.c.obj
 .debug_info    0x00025d7b     0x2346 CMakeFiles/usb_test.elf.dir/USB_Device/Target/usbd_conf.c.obj

.debug_abbrev   0x00000000     0x475d
 .debug_abbrev  0x00000000      0x178 CMakeFiles/usb_test.elf.dir/Core/Src/app_freertos.c.obj
 .debug_abbrev  0x00000178      0x212 CMakeFiles/usb_test.elf.dir/Core/Src/dac.c.obj
 .debug_abbrev  0x0000038a      0x235 CMakeFiles/usb_test.elf.dir/Core/Src/main.c.obj
 .debug_abbrev  0x000005bf      0x262 CMakeFiles/usb_test.elf.dir/Core/Src/stm32g4xx_hal_timebase_tim.c.obj
 .debug_abbrev  0x00000821      0x1ec CMakeFiles/usb_test.elf.dir/Core/Src/stm32g4xx_it.c.obj
 .debug_abbrev  0x00000a0d      0x11e CMakeFiles/usb_test.elf.dir/Core/Src/system_stm32g4xx.c.obj
 .debug_abbrev  0x00000b2b      0x283 CMakeFiles/usb_test.elf.dir/Core/Src/tim.c.obj
 .debug_abbrev  0x00000dae       0x24 CMakeFiles/usb_test.elf.dir/Core/Startup/startup_stm32g473qetx.s.obj
 .debug_abbrev  0x00000dd2      0x317 CMakeFiles/usb_test.elf.dir/Core/ThreadSafe/newlib_lock_glue.c.obj
 .debug_abbrev  0x000010e9      0x273 CMakeFiles/usb_test.elf.dir/Drivers/STM32G4xx_HAL_Driver/Src/stm32g4xx_hal.c.obj
 .debug_abbrev  0x0000135c      0x3dd CMakeFiles/usb_test.elf.dir/Drivers/STM32G4xx_HAL_Driver/Src/stm32g4xx_hal_cortex.c.obj
 .debug_abbrev  0x00001739      0x253 CMakeFiles/usb_test.elf.dir/Drivers/STM32G4xx_HAL_Driver/Src/stm32g4xx_hal_dac.c.obj
 .debug_abbrev  0x0000198c      0x28c CMakeFiles/usb_test.elf.dir/Drivers/STM32G4xx_HAL_Driver/Src/stm32g4xx_hal_dac_ex.c.obj
 .debug_abbrev  0x00001c18      0x236 CMakeFiles/usb_test.elf.dir/Drivers/STM32G4xx_HAL_Driver/Src/stm32g4xx_hal_gpio.c.obj
 .debug_abbrev  0x00001e4e      0x2f7 CMakeFiles/usb_test.elf.dir/Drivers/STM32G4xx_HAL_Driver/Src/stm32g4xx_hal_pcd.c.obj
 .debug_abbrev  0x00002145      0x260 CMakeFiles/usb_test.elf.dir/Drivers/STM32G4xx_HAL_Driver/Src/stm32g4xx_hal_pwr_ex.c.obj
 .debug_abbrev  0x000023a5      0x2a4 CMakeFiles/usb_test.elf.dir/Drivers/STM32G4xx_HAL_Driver/Src/stm32g4xx_hal_rcc.c.obj
 .debug_abbrev  0x00002649      0x29f CMakeFiles/usb_test.elf.dir/Drivers/STM32G4xx_HAL_Driver/Src/stm32g4xx_hal_tim.c.obj
 .debug_abbrev  0x000028e8      0x2b0 CMakeFiles/usb_test.elf.dir/Drivers/STM32G4xx_HAL_Driver/Src/stm32g4xx_hal_tim_ex.c.obj
 .debug_abbrev  0x00002b98      0x2c6 CMakeFiles/usb_test.elf.dir/Drivers/STM32G4xx_HAL_Driver/Src/stm32g4xx_ll_usb.c.obj
 .debug_abbrev  0x00002e5e      0x28f CMakeFiles/usb_test.elf.dir/Middlewares/ST/STM32_USB_Device_Library/Core/Src/usbd_core.c.obj
 .debug_abbrev  0x000030ed      0x351 CMakeFiles/usb_test.elf.dir/Middlewares/ST/STM32_USB_Device_Library/Core/Src/usbd_ctlreq.c.obj
 .debug_abbrev  0x0000343e      0x1bf CMakeFiles/usb_test.elf.dir/Middlewares/ST/STM32_USB_Device_Library/Core/Src/usbd_ioreq.c.obj
 .debug_abbrev  0x000035fd      0x61d CMakeFiles/usb_test.elf.dir/Middlewares/Third_Party/FreeRTOS/Source/CMSIS_RTOS_V2/cmsis_os2.c.obj
 .debug_abbrev  0x00003c1a      0x10a CMakeFiles/usb_test.elf.dir/Middlewares/Third_Party/FreeRTOS/Source/list.c.obj
 .debug_abbrev  0x00003d24      0x293 CMakeFiles/usb_test.elf.dir/Middlewares/Third_Party/FreeRTOS/Source/portable/GCC/ARM_CM4F/port.c.obj
 .debug_abbrev  0x00003fb7      0x466 CMakeFiles/usb_test.elf.dir/Middlewares/Third_Party/FreeRTOS/Source/tasks.c.obj
 .debug_abbrev  0x0000441d      0x340 CMakeFiles/usb_test.elf.dir/USB_Device/Target/usbd_conf.c.obj

.debug_loclists
                0x00000000    0x10be2
 .debug_loclists
                0x00000000       0x29 CMakeFiles/usb_test.elf.dir/Core/Src/app_freertos.c.obj
 .debug_loclists
                0x00000029       0x74 CMakeFiles/usb_test.elf.dir/Core/Src/dac.c.obj
 .debug_loclists
                0x0000009d       0x40 CMakeFiles/usb_test.elf.dir/Core/Src/main.c.obj
 .debug_loclists
                0x000000dd       0x8d CMakeFiles/usb_test.elf.dir/Core/Src/stm32g4xx_hal_timebase_tim.c.obj
 .debug_loclists
                0x0000016a       0x65 CMakeFiles/usb_test.elf.dir/Core/Src/system_stm32g4xx.c.obj
 .debug_loclists
                0x000001cf      0x2f0 CMakeFiles/usb_test.elf.dir/Core/Src/tim.c.obj
 .debug_loclists
                0x000004bf      0x3a0 CMakeFiles/usb_test.elf.dir/Core/ThreadSafe/newlib_lock_glue.c.obj
 .debug_loclists
                0x0000085f      0x1b8 CMakeFiles/usb_test.elf.dir/Drivers/STM32G4xx_HAL_Driver/Src/stm32g4xx_hal.c.obj
 .debug_loclists
                0x00000a17      0x618 CMakeFiles/usb_test.elf.dir/Drivers/STM32G4xx_HAL_Driver/Src/stm32g4xx_hal_cortex.c.obj
 .debug_loclists
                0x0000102f      0x753 CMakeFiles/usb_test.elf.dir/Drivers/STM32G4xx_HAL_Driver/Src/stm32g4xx_hal_dac.c.obj
 .debug_loclists
                0x00001782      0xac1 CMakeFiles/usb_test.elf.dir/Drivers/STM32G4xx_HAL_Driver/Src/stm32g4xx_hal_dac_ex.c.obj
 .debug_loclists
                0x00002243      0x390 CMakeFiles/usb_test.elf.dir/Drivers/STM32G4xx_HAL_Driver/Src/stm32g4xx_hal_gpio.c.obj
 .debug_loclists
                0x000025d3      0xebc CMakeFiles/usb_test.elf.dir/Drivers/STM32G4xx_HAL_Driver/Src/stm32g4xx_hal_pcd.c.obj
 .debug_loclists
                0x0000348f      0x3e1 CMakeFiles/usb_test.elf.dir/Drivers/STM32G4xx_HAL_Driver/Src/stm32g4xx_hal_pwr_ex.c.obj
 .debug_loclists
                0x00003870      0x611 CMakeFiles/usb_test.elf.dir/Drivers/STM32G4xx_HAL_Driver/Src/stm32g4xx_hal_rcc.c.obj
 .debug_loclists
                0x00003e81     0x2f96 CMakeFiles/usb_test.elf.dir/Drivers/STM32G4xx_HAL_Driver/Src/stm32g4xx_hal_tim.c.obj
 .debug_loclists
                0x00006e17     0x17b1 CMakeFiles/usb_test.elf.dir/Drivers/STM32G4xx_HAL_Driver/Src/stm32g4xx_hal_tim_ex.c.obj
 .debug_loclists
                0x000085c8     0x1005 CMakeFiles/usb_test.elf.dir/Drivers/STM32G4xx_HAL_Driver/Src/stm32g4xx_ll_usb.c.obj
 .debug_loclists
                0x000095cd      0x7fc CMakeFiles/usb_test.elf.dir/Middlewares/ST/STM32_USB_Device_Library/Core/Src/usbd_core.c.obj
 .debug_loclists
                0x00009dc9      0xfcd CMakeFiles/usb_test.elf.dir/Middlewares/ST/STM32_USB_Device_Library/Core/Src/usbd_ctlreq.c.obj
 .debug_loclists
                0x0000ad96      0x214 CMakeFiles/usb_test.elf.dir/Middlewares/ST/STM32_USB_Device_Library/Core/Src/usbd_ioreq.c.obj
 .debug_loclists
                0x0000afaa     0x396a CMakeFiles/usb_test.elf.dir/Middlewares/Third_Party/FreeRTOS/Source/CMSIS_RTOS_V2/cmsis_os2.c.obj
 .debug_loclists
                0x0000e914       0x75 CMakeFiles/usb_test.elf.dir/Middlewares/Third_Party/FreeRTOS/Source/list.c.obj
 .debug_loclists
                0x0000e989       0xc1 CMakeFiles/usb_test.elf.dir/Middlewares/Third_Party/FreeRTOS/Source/portable/GCC/ARM_CM4F/port.c.obj
 .debug_loclists
                0x0000ea4a     0x18b6 CMakeFiles/usb_test.elf.dir/Middlewares/Third_Party/FreeRTOS/Source/tasks.c.obj
 .debug_loclists
                0x00010300      0x8e2 CMakeFiles/usb_test.elf.dir/USB_Device/Target/usbd_conf.c.obj

.debug_aranges  0x00000000     0x18f0
 .debug_aranges
                0x00000000       0x48 CMakeFiles/usb_test.elf.dir/Core/Src/app_freertos.c.obj
 .debug_aranges
                0x00000048       0x30 CMakeFiles/usb_test.elf.dir/Core/Src/dac.c.obj
 .debug_aranges
                0x00000078       0x38 CMakeFiles/usb_test.elf.dir/Core/Src/main.c.obj
 .debug_aranges
                0x000000b0       0x30 CMakeFiles/usb_test.elf.dir/Core/Src/stm32g4xx_hal_timebase_tim.c.obj
 .debug_aranges
                0x000000e0       0x60 CMakeFiles/usb_test.elf.dir/Core/Src/stm32g4xx_it.c.obj
 .debug_aranges
                0x00000140       0x28 CMakeFiles/usb_test.elf.dir/Core/Src/system_stm32g4xx.c.obj
 .debug_aranges
                0x00000168       0x88 CMakeFiles/usb_test.elf.dir/Core/Src/tim.c.obj
 .debug_aranges
                0x000001f0       0x28 CMakeFiles/usb_test.elf.dir/Core/Startup/startup_stm32g473qetx.s.obj
 .debug_aranges
                0x00000218       0xa0 CMakeFiles/usb_test.elf.dir/Core/ThreadSafe/newlib_lock_glue.c.obj
 .debug_aranges
                0x000002b8      0x148 CMakeFiles/usb_test.elf.dir/Drivers/STM32G4xx_HAL_Driver/Src/stm32g4xx_hal.c.obj
 .debug_aranges
                0x00000400       0xe0 CMakeFiles/usb_test.elf.dir/Drivers/STM32G4xx_HAL_Driver/Src/stm32g4xx_hal_cortex.c.obj
 .debug_aranges
                0x000004e0       0xc0 CMakeFiles/usb_test.elf.dir/Drivers/STM32G4xx_HAL_Driver/Src/stm32g4xx_hal_dac.c.obj
 .debug_aranges
                0x000005a0       0xc0 CMakeFiles/usb_test.elf.dir/Drivers/STM32G4xx_HAL_Driver/Src/stm32g4xx_hal_dac_ex.c.obj
 .debug_aranges
                0x00000660       0x58 CMakeFiles/usb_test.elf.dir/Drivers/STM32G4xx_HAL_Driver/Src/stm32g4xx_hal_gpio.c.obj
 .debug_aranges
                0x000006b8      0x138 CMakeFiles/usb_test.elf.dir/Drivers/STM32G4xx_HAL_Driver/Src/stm32g4xx_hal_pcd.c.obj
 .debug_aranges
                0x000007f0      0x140 CMakeFiles/usb_test.elf.dir/Drivers/STM32G4xx_HAL_Driver/Src/stm32g4xx_hal_pwr_ex.c.obj
 .debug_aranges
                0x00000930       0x98 CMakeFiles/usb_test.elf.dir/Drivers/STM32G4xx_HAL_Driver/Src/stm32g4xx_hal_rcc.c.obj
 .debug_aranges
                0x000009c8      0x3e0 CMakeFiles/usb_test.elf.dir/Drivers/STM32G4xx_HAL_Driver/Src/stm32g4xx_hal_tim.c.obj
 .debug_aranges
                0x00000da8      0x240 CMakeFiles/usb_test.elf.dir/Drivers/STM32G4xx_HAL_Driver/Src/stm32g4xx_hal_tim_ex.c.obj
 .debug_aranges
                0x00000fe8       0xc8 CMakeFiles/usb_test.elf.dir/Drivers/STM32G4xx_HAL_Driver/Src/stm32g4xx_ll_usb.c.obj
 .debug_aranges
                0x000010b0       0xb8 CMakeFiles/usb_test.elf.dir/Middlewares/ST/STM32_USB_Device_Library/Core/Src/usbd_core.c.obj
 .debug_aranges
                0x00001168       0x88 CMakeFiles/usb_test.elf.dir/Middlewares/ST/STM32_USB_Device_Library/Core/Src/usbd_ctlreq.c.obj
 .debug_aranges
                0x000011f0       0x50 CMakeFiles/usb_test.elf.dir/Middlewares/ST/STM32_USB_Device_Library/Core/Src/usbd_ioreq.c.obj
 .debug_aranges
                0x00001240      0x2b0 CMakeFiles/usb_test.elf.dir/Middlewares/Third_Party/FreeRTOS/Source/CMSIS_RTOS_V2/cmsis_os2.c.obj
 .debug_aranges
                0x000014f0       0x40 CMakeFiles/usb_test.elf.dir/Middlewares/Third_Party/FreeRTOS/Source/list.c.obj
 .debug_aranges
                0x00001530       0x80 CMakeFiles/usb_test.elf.dir/Middlewares/Third_Party/FreeRTOS/Source/portable/GCC/ARM_CM4F/port.c.obj
 .debug_aranges
                0x000015b0      0x220 CMakeFiles/usb_test.elf.dir/Middlewares/Third_Party/FreeRTOS/Source/tasks.c.obj
 .debug_aranges
                0x000017d0      0x120 CMakeFiles/usb_test.elf.dir/USB_Device/Target/usbd_conf.c.obj

.debug_rnglists
                0x00000000     0x15b9
 .debug_rnglists
                0x00000000       0x31 CMakeFiles/usb_test.elf.dir/Core/Src/app_freertos.c.obj
 .debug_rnglists
                0x00000031       0x1f CMakeFiles/usb_test.elf.dir/Core/Src/dac.c.obj
 .debug_rnglists
                0x00000050       0x25 CMakeFiles/usb_test.elf.dir/Core/Src/main.c.obj
 .debug_rnglists
                0x00000075       0x20 CMakeFiles/usb_test.elf.dir/Core/Src/stm32g4xx_hal_timebase_tim.c.obj
 .debug_rnglists
                0x00000095       0x43 CMakeFiles/usb_test.elf.dir/Core/Src/stm32g4xx_it.c.obj
 .debug_rnglists
                0x000000d8       0x1a CMakeFiles/usb_test.elf.dir/Core/Src/system_stm32g4xx.c.obj
 .debug_rnglists
                0x000000f2       0x6d CMakeFiles/usb_test.elf.dir/Core/Src/tim.c.obj
 .debug_rnglists
                0x0000015f       0x19 CMakeFiles/usb_test.elf.dir/Core/Startup/startup_stm32g473qetx.s.obj
 .debug_rnglists
                0x00000178       0x7f CMakeFiles/usb_test.elf.dir/Core/ThreadSafe/newlib_lock_glue.c.obj
 .debug_rnglists
                0x000001f7       0xf1 CMakeFiles/usb_test.elf.dir/Drivers/STM32G4xx_HAL_Driver/Src/stm32g4xx_hal.c.obj
 .debug_rnglists
                0x000002e8       0xc8 CMakeFiles/usb_test.elf.dir/Drivers/STM32G4xx_HAL_Driver/Src/stm32g4xx_hal_cortex.c.obj
 .debug_rnglists
                0x000003b0       0x90 CMakeFiles/usb_test.elf.dir/Drivers/STM32G4xx_HAL_Driver/Src/stm32g4xx_hal_dac.c.obj
 .debug_rnglists
                0x00000440       0x91 CMakeFiles/usb_test.elf.dir/Drivers/STM32G4xx_HAL_Driver/Src/stm32g4xx_hal_dac_ex.c.obj
 .debug_rnglists
                0x000004d1       0x40 CMakeFiles/usb_test.elf.dir/Drivers/STM32G4xx_HAL_Driver/Src/stm32g4xx_hal_gpio.c.obj
 .debug_rnglists
                0x00000511      0x17f CMakeFiles/usb_test.elf.dir/Drivers/STM32G4xx_HAL_Driver/Src/stm32g4xx_hal_pcd.c.obj
 .debug_rnglists
                0x00000690       0xf1 CMakeFiles/usb_test.elf.dir/Drivers/STM32G4xx_HAL_Driver/Src/stm32g4xx_hal_pwr_ex.c.obj
 .debug_rnglists
                0x00000781       0x82 CMakeFiles/usb_test.elf.dir/Drivers/STM32G4xx_HAL_Driver/Src/stm32g4xx_hal_rcc.c.obj
 .debug_rnglists
                0x00000803      0x329 CMakeFiles/usb_test.elf.dir/Drivers/STM32G4xx_HAL_Driver/Src/stm32g4xx_hal_tim.c.obj
 .debug_rnglists
                0x00000b2c      0x1d2 CMakeFiles/usb_test.elf.dir/Drivers/STM32G4xx_HAL_Driver/Src/stm32g4xx_hal_tim_ex.c.obj
 .debug_rnglists
                0x00000cfe      0x1d7 CMakeFiles/usb_test.elf.dir/Drivers/STM32G4xx_HAL_Driver/Src/stm32g4xx_ll_usb.c.obj
 .debug_rnglists
                0x00000ed5       0x86 CMakeFiles/usb_test.elf.dir/Middlewares/ST/STM32_USB_Device_Library/Core/Src/usbd_core.c.obj
 .debug_rnglists
                0x00000f5b       0x64 CMakeFiles/usb_test.elf.dir/Middlewares/ST/STM32_USB_Device_Library/Core/Src/usbd_ctlreq.c.obj
 .debug_rnglists
                0x00000fbf       0x37 CMakeFiles/usb_test.elf.dir/Middlewares/ST/STM32_USB_Device_Library/Core/Src/usbd_ioreq.c.obj
 .debug_rnglists
                0x00000ff6      0x20a CMakeFiles/usb_test.elf.dir/Middlewares/Third_Party/FreeRTOS/Source/CMSIS_RTOS_V2/cmsis_os2.c.obj
 .debug_rnglists
                0x00001200       0x2b CMakeFiles/usb_test.elf.dir/Middlewares/Third_Party/FreeRTOS/Source/list.c.obj
 .debug_rnglists
                0x0000122b       0x69 CMakeFiles/usb_test.elf.dir/Middlewares/Third_Party/FreeRTOS/Source/portable/GCC/ARM_CM4F/port.c.obj
 .debug_rnglists
                0x00001294      0x251 CMakeFiles/usb_test.elf.dir/Middlewares/Third_Party/FreeRTOS/Source/tasks.c.obj
 .debug_rnglists
                0x000014e5       0xd4 CMakeFiles/usb_test.elf.dir/USB_Device/Target/usbd_conf.c.obj

.debug_line     0x00000000    0x1d138
 .debug_line    0x00000000      0x25d CMakeFiles/usb_test.elf.dir/Core/Src/app_freertos.c.obj
 .debug_line    0x0000025d      0x397 CMakeFiles/usb_test.elf.dir/Core/Src/dac.c.obj
 .debug_line    0x000005f4      0x39c CMakeFiles/usb_test.elf.dir/Core/Src/main.c.obj
 .debug_line    0x00000990      0x313 CMakeFiles/usb_test.elf.dir/Core/Src/stm32g4xx_hal_timebase_tim.c.obj
 .debug_line    0x00000ca3      0x308 CMakeFiles/usb_test.elf.dir/Core/Src/stm32g4xx_it.c.obj
 .debug_line    0x00000fab      0x292 CMakeFiles/usb_test.elf.dir/Core/Src/system_stm32g4xx.c.obj
 .debug_line    0x0000123d     0x1454 CMakeFiles/usb_test.elf.dir/Core/Src/tim.c.obj
 .debug_line    0x00002691       0x7b CMakeFiles/usb_test.elf.dir/Core/Startup/startup_stm32g473qetx.s.obj
 .debug_line    0x0000270c      0x878 CMakeFiles/usb_test.elf.dir/Core/ThreadSafe/newlib_lock_glue.c.obj
 .debug_line    0x00002f84      0x7e6 CMakeFiles/usb_test.elf.dir/Drivers/STM32G4xx_HAL_Driver/Src/stm32g4xx_hal.c.obj
 .debug_line    0x0000376a      0x99a CMakeFiles/usb_test.elf.dir/Drivers/STM32G4xx_HAL_Driver/Src/stm32g4xx_hal_cortex.c.obj
 .debug_line    0x00004104      0xd63 CMakeFiles/usb_test.elf.dir/Drivers/STM32G4xx_HAL_Driver/Src/stm32g4xx_hal_dac.c.obj
 .debug_line    0x00004e67      0xca9 CMakeFiles/usb_test.elf.dir/Drivers/STM32G4xx_HAL_Driver/Src/stm32g4xx_hal_dac_ex.c.obj
 .debug_line    0x00005b10      0x879 CMakeFiles/usb_test.elf.dir/Drivers/STM32G4xx_HAL_Driver/Src/stm32g4xx_hal_gpio.c.obj
 .debug_line    0x00006389     0x17c1 CMakeFiles/usb_test.elf.dir/Drivers/STM32G4xx_HAL_Driver/Src/stm32g4xx_hal_pcd.c.obj
 .debug_line    0x00007b4a      0xbab CMakeFiles/usb_test.elf.dir/Drivers/STM32G4xx_HAL_Driver/Src/stm32g4xx_hal_pwr_ex.c.obj
 .debug_line    0x000086f5     0x109e CMakeFiles/usb_test.elf.dir/Drivers/STM32G4xx_HAL_Driver/Src/stm32g4xx_hal_rcc.c.obj
 .debug_line    0x00009793     0x6e11 CMakeFiles/usb_test.elf.dir/Drivers/STM32G4xx_HAL_Driver/Src/stm32g4xx_hal_tim.c.obj
 .debug_line    0x000105a4     0x30d3 CMakeFiles/usb_test.elf.dir/Drivers/STM32G4xx_HAL_Driver/Src/stm32g4xx_hal_tim_ex.c.obj
 .debug_line    0x00013677     0x1750 CMakeFiles/usb_test.elf.dir/Drivers/STM32G4xx_HAL_Driver/Src/stm32g4xx_ll_usb.c.obj
 .debug_line    0x00014dc7      0x88a CMakeFiles/usb_test.elf.dir/Middlewares/ST/STM32_USB_Device_Library/Core/Src/usbd_core.c.obj
 .debug_line    0x00015651      0xcb6 CMakeFiles/usb_test.elf.dir/Middlewares/ST/STM32_USB_Device_Library/Core/Src/usbd_ctlreq.c.obj
 .debug_line    0x00016307      0x2da CMakeFiles/usb_test.elf.dir/Middlewares/ST/STM32_USB_Device_Library/Core/Src/usbd_ioreq.c.obj
 .debug_line    0x000165e1     0x2d01 CMakeFiles/usb_test.elf.dir/Middlewares/Third_Party/FreeRTOS/Source/CMSIS_RTOS_V2/cmsis_os2.c.obj
 .debug_line    0x000192e2      0x3a7 CMakeFiles/usb_test.elf.dir/Middlewares/Third_Party/FreeRTOS/Source/list.c.obj
 .debug_line    0x00019689      0x675 CMakeFiles/usb_test.elf.dir/Middlewares/Third_Party/FreeRTOS/Source/portable/GCC/ARM_CM4F/port.c.obj
 .debug_line    0x00019cfe     0x2b30 CMakeFiles/usb_test.elf.dir/Middlewares/Third_Party/FreeRTOS/Source/tasks.c.obj
 .debug_line    0x0001c82e      0x90a CMakeFiles/usb_test.elf.dir/USB_Device/Target/usbd_conf.c.obj

.debug_str      0x00000000     0x8d15
 .debug_str     0x00000000     0x8d15 CMakeFiles/usb_test.elf.dir/Core/Src/app_freertos.c.obj
                                0x7df (size before relaxing)
 .debug_str     0x00008d15      0xfd9 CMakeFiles/usb_test.elf.dir/Core/Src/dac.c.obj
 .debug_str     0x00008d15      0xa2d CMakeFiles/usb_test.elf.dir/Core/Src/main.c.obj
 .debug_str     0x00008d15     0x1085 CMakeFiles/usb_test.elf.dir/Core/Src/stm32g4xx_hal_timebase_tim.c.obj
 .debug_str     0x00008d15      0xd6c CMakeFiles/usb_test.elf.dir/Core/Src/stm32g4xx_it.c.obj
 .debug_str     0x00008d15      0x40a CMakeFiles/usb_test.elf.dir/Core/Src/system_stm32g4xx.c.obj
 .debug_str     0x00008d15     0x1089 CMakeFiles/usb_test.elf.dir/Core/Src/tim.c.obj
 .debug_str     0x00008d15       0x9b CMakeFiles/usb_test.elf.dir/Core/Startup/startup_stm32g473qetx.s.obj
 .debug_str     0x00008d15      0x618 CMakeFiles/usb_test.elf.dir/Core/ThreadSafe/newlib_lock_glue.c.obj
 .debug_str     0x00008d15      0xe19 CMakeFiles/usb_test.elf.dir/Drivers/STM32G4xx_HAL_Driver/Src/stm32g4xx_hal.c.obj
 .debug_str     0x00008d15      0xd39 CMakeFiles/usb_test.elf.dir/Drivers/STM32G4xx_HAL_Driver/Src/stm32g4xx_hal_cortex.c.obj
 .debug_str     0x00008d15      0xa94 CMakeFiles/usb_test.elf.dir/Drivers/STM32G4xx_HAL_Driver/Src/stm32g4xx_hal_dac.c.obj
 .debug_str     0x00008d15      0xb15 CMakeFiles/usb_test.elf.dir/Drivers/STM32G4xx_HAL_Driver/Src/stm32g4xx_hal_dac_ex.c.obj
 .debug_str     0x00008d15      0x5a3 CMakeFiles/usb_test.elf.dir/Drivers/STM32G4xx_HAL_Driver/Src/stm32g4xx_hal_gpio.c.obj
 .debug_str     0x00008d15      0xb46 CMakeFiles/usb_test.elf.dir/Drivers/STM32G4xx_HAL_Driver/Src/stm32g4xx_hal_pcd.c.obj
 .debug_str     0x00008d15      0x833 CMakeFiles/usb_test.elf.dir/Drivers/STM32G4xx_HAL_Driver/Src/stm32g4xx_hal_pwr_ex.c.obj
 .debug_str     0x00008d15      0x8ba CMakeFiles/usb_test.elf.dir/Drivers/STM32G4xx_HAL_Driver/Src/stm32g4xx_hal_rcc.c.obj
 .debug_str     0x00008d15     0x1908 CMakeFiles/usb_test.elf.dir/Drivers/STM32G4xx_HAL_Driver/Src/stm32g4xx_hal_tim.c.obj
 .debug_str     0x00008d15     0x157b CMakeFiles/usb_test.elf.dir/Drivers/STM32G4xx_HAL_Driver/Src/stm32g4xx_hal_tim_ex.c.obj
 .debug_str     0x00008d15      0x6c3 CMakeFiles/usb_test.elf.dir/Drivers/STM32G4xx_HAL_Driver/Src/stm32g4xx_ll_usb.c.obj
 .debug_str     0x00008d15      0x8bd CMakeFiles/usb_test.elf.dir/Middlewares/ST/STM32_USB_Device_Library/Core/Src/usbd_core.c.obj
 .debug_str     0x00008d15      0x80f CMakeFiles/usb_test.elf.dir/Middlewares/ST/STM32_USB_Device_Library/Core/Src/usbd_ctlreq.c.obj
 .debug_str     0x00008d15      0x704 CMakeFiles/usb_test.elf.dir/Middlewares/ST/STM32_USB_Device_Library/Core/Src/usbd_ioreq.c.obj
 .debug_str     0x00008d15     0x2628 CMakeFiles/usb_test.elf.dir/Middlewares/Third_Party/FreeRTOS/Source/CMSIS_RTOS_V2/cmsis_os2.c.obj
 .debug_str     0x00008d15      0x341 CMakeFiles/usb_test.elf.dir/Middlewares/Third_Party/FreeRTOS/Source/list.c.obj
 .debug_str     0x00008d15      0x4c1 CMakeFiles/usb_test.elf.dir/Middlewares/Third_Party/FreeRTOS/Source/portable/GCC/ARM_CM4F/port.c.obj
 .debug_str     0x00008d15     0x17a1 CMakeFiles/usb_test.elf.dir/Middlewares/Third_Party/FreeRTOS/Source/tasks.c.obj
 .debug_str     0x00008d15     0x1830 CMakeFiles/usb_test.elf.dir/USB_Device/Target/usbd_conf.c.obj

.comment        0x00000000       0x44
 .comment       0x00000000       0x44 CMakeFiles/usb_test.elf.dir/Core/Src/app_freertos.c.obj
                                 0x45 (size before relaxing)
 .comment       0x00000044       0x45 CMakeFiles/usb_test.elf.dir/Core/Src/dac.c.obj
 .comment       0x00000044       0x45 CMakeFiles/usb_test.elf.dir/Core/Src/main.c.obj
 .comment       0x00000044       0x45 CMakeFiles/usb_test.elf.dir/Core/Src/stm32g4xx_hal_timebase_tim.c.obj
 .comment       0x00000044       0x45 CMakeFiles/usb_test.elf.dir/Core/Src/stm32g4xx_it.c.obj
 .comment       0x00000044       0x45 CMakeFiles/usb_test.elf.dir/Core/Src/system_stm32g4xx.c.obj
 .comment       0x00000044       0x45 CMakeFiles/usb_test.elf.dir/Core/Src/tim.c.obj
 .comment       0x00000044       0x45 CMakeFiles/usb_test.elf.dir/Core/ThreadSafe/newlib_lock_glue.c.obj
 .comment       0x00000044       0x45 CMakeFiles/usb_test.elf.dir/Drivers/STM32G4xx_HAL_Driver/Src/stm32g4xx_hal.c.obj
 .comment       0x00000044       0x45 CMakeFiles/usb_test.elf.dir/Drivers/STM32G4xx_HAL_Driver/Src/stm32g4xx_hal_cortex.c.obj
 .comment       0x00000044       0x45 CMakeFiles/usb_test.elf.dir/Drivers/STM32G4xx_HAL_Driver/Src/stm32g4xx_hal_dac.c.obj
 .comment       0x00000044       0x45 CMakeFiles/usb_test.elf.dir/Drivers/STM32G4xx_HAL_Driver/Src/stm32g4xx_hal_dac_ex.c.obj
 .comment       0x00000044       0x45 CMakeFiles/usb_test.elf.dir/Drivers/STM32G4xx_HAL_Driver/Src/stm32g4xx_hal_gpio.c.obj
 .comment       0x00000044       0x45 CMakeFiles/usb_test.elf.dir/Drivers/STM32G4xx_HAL_Driver/Src/stm32g4xx_hal_pcd.c.obj
 .comment       0x00000044       0x45 CMakeFiles/usb_test.elf.dir/Drivers/STM32G4xx_HAL_Driver/Src/stm32g4xx_hal_pwr_ex.c.obj
 .comment       0x00000044       0x45 CMakeFiles/usb_test.elf.dir/Drivers/STM32G4xx_HAL_Driver/Src/stm32g4xx_hal_rcc.c.obj
 .comment       0x00000044       0x45 CMakeFiles/usb_test.elf.dir/Drivers/STM32G4xx_HAL_Driver/Src/stm32g4xx_hal_tim.c.obj
 .comment       0x00000044       0x45 CMakeFiles/usb_test.elf.dir/Drivers/STM32G4xx_HAL_Driver/Src/stm32g4xx_hal_tim_ex.c.obj
 .comment       0x00000044       0x45 CMakeFiles/usb_test.elf.dir/Drivers/STM32G4xx_HAL_Driver/Src/stm32g4xx_ll_usb.c.obj
 .comment       0x00000044       0x45 CMakeFiles/usb_test.elf.dir/Middlewares/ST/STM32_USB_Device_Library/Core/Src/usbd_core.c.obj
 .comment       0x00000044       0x45 CMakeFiles/usb_test.elf.dir/Middlewares/ST/STM32_USB_Device_Library/Core/Src/usbd_ctlreq.c.obj
 .comment       0x00000044       0x45 CMakeFiles/usb_test.elf.dir/Middlewares/ST/STM32_USB_Device_Library/Core/Src/usbd_ioreq.c.obj
 .comment       0x00000044       0x45 CMakeFiles/usb_test.elf.dir/Middlewares/Third_Party/FreeRTOS/Source/CMSIS_RTOS_V2/cmsis_os2.c.obj
 .comment       0x00000044       0x45 CMakeFiles/usb_test.elf.dir/Middlewares/Third_Party/FreeRTOS/Source/list.c.obj
 .comment       0x00000044       0x45 CMakeFiles/usb_test.elf.dir/Middlewares/Third_Party/FreeRTOS/Source/portable/GCC/ARM_CM4F/port.c.obj
 .comment       0x00000044       0x45 CMakeFiles/usb_test.elf.dir/Middlewares/Third_Party/FreeRTOS/Source/tasks.c.obj
 .comment       0x00000044       0x45 CMakeFiles/usb_test.elf.dir/USB_Device/Target/usbd_conf.c.obj

.debug_frame    0x00000000     0x48e0
 .debug_frame   0x00000000       0x80 CMakeFiles/usb_test.elf.dir/Core/Src/app_freertos.c.obj
 .debug_frame   0x00000080       0x68 CMakeFiles/usb_test.elf.dir/Core/Src/dac.c.obj
 .debug_frame   0x000000e8       0x68 CMakeFiles/usb_test.elf.dir/Core/Src/main.c.obj
 .debug_frame   0x00000150       0x54 CMakeFiles/usb_test.elf.dir/Core/Src/stm32g4xx_hal_timebase_tim.c.obj
 .debug_frame   0x000001a4       0xb8 CMakeFiles/usb_test.elf.dir/Core/Src/stm32g4xx_it.c.obj
 .debug_frame   0x0000025c       0x30 CMakeFiles/usb_test.elf.dir/Core/Src/system_stm32g4xx.c.obj
 .debug_frame   0x0000028c      0x1dc CMakeFiles/usb_test.elf.dir/Core/Src/tim.c.obj
 .debug_frame   0x00000468      0x1a0 CMakeFiles/usb_test.elf.dir/Core/ThreadSafe/newlib_lock_glue.c.obj
 .debug_frame   0x00000608      0x2c8 CMakeFiles/usb_test.elf.dir/Drivers/STM32G4xx_HAL_Driver/Src/stm32g4xx_hal.c.obj
 .debug_frame   0x000008d0      0x21c CMakeFiles/usb_test.elf.dir/Drivers/STM32G4xx_HAL_Driver/Src/stm32g4xx_hal_cortex.c.obj
 .debug_frame   0x00000aec      0x254 CMakeFiles/usb_test.elf.dir/Drivers/STM32G4xx_HAL_Driver/Src/stm32g4xx_hal_dac.c.obj
 .debug_frame   0x00000d40      0x2b0 CMakeFiles/usb_test.elf.dir/Drivers/STM32G4xx_HAL_Driver/Src/stm32g4xx_hal_dac_ex.c.obj
 .debug_frame   0x00000ff0       0xf8 CMakeFiles/usb_test.elf.dir/Drivers/STM32G4xx_HAL_Driver/Src/stm32g4xx_hal_gpio.c.obj
 .debug_frame   0x000010e8      0x348 CMakeFiles/usb_test.elf.dir/Drivers/STM32G4xx_HAL_Driver/Src/stm32g4xx_hal_pcd.c.obj
 .debug_frame   0x00001430      0x2d8 CMakeFiles/usb_test.elf.dir/Drivers/STM32G4xx_HAL_Driver/Src/stm32g4xx_hal_pwr_ex.c.obj
 .debug_frame   0x00001708      0x1b4 CMakeFiles/usb_test.elf.dir/Drivers/STM32G4xx_HAL_Driver/Src/stm32g4xx_hal_rcc.c.obj
 .debug_frame   0x000018bc      0xc10 CMakeFiles/usb_test.elf.dir/Drivers/STM32G4xx_HAL_Driver/Src/stm32g4xx_hal_tim.c.obj
 .debug_frame   0x000024cc      0x6fc CMakeFiles/usb_test.elf.dir/Drivers/STM32G4xx_HAL_Driver/Src/stm32g4xx_hal_tim_ex.c.obj
 .debug_frame   0x00002bc8      0x1a0 CMakeFiles/usb_test.elf.dir/Drivers/STM32G4xx_HAL_Driver/Src/stm32g4xx_ll_usb.c.obj
 .debug_frame   0x00002d68      0x210 CMakeFiles/usb_test.elf.dir/Middlewares/ST/STM32_USB_Device_Library/Core/Src/usbd_core.c.obj
 .debug_frame   0x00002f78      0x180 CMakeFiles/usb_test.elf.dir/Middlewares/ST/STM32_USB_Device_Library/Core/Src/usbd_ctlreq.c.obj
 .debug_frame   0x000030f8       0xb8 CMakeFiles/usb_test.elf.dir/Middlewares/ST/STM32_USB_Device_Library/Core/Src/usbd_ioreq.c.obj
 .debug_frame   0x000031b0      0x92c CMakeFiles/usb_test.elf.dir/Middlewares/Third_Party/FreeRTOS/Source/CMSIS_RTOS_V2/cmsis_os2.c.obj
 .debug_frame   0x00003adc       0x70 CMakeFiles/usb_test.elf.dir/Middlewares/Third_Party/FreeRTOS/Source/list.c.obj
 .debug_frame   0x00003b4c      0x110 CMakeFiles/usb_test.elf.dir/Middlewares/Third_Party/FreeRTOS/Source/portable/GCC/ARM_CM4F/port.c.obj
 .debug_frame   0x00003c5c      0x6fc CMakeFiles/usb_test.elf.dir/Middlewares/Third_Party/FreeRTOS/Source/tasks.c.obj
 .debug_frame   0x00004358      0x310 CMakeFiles/usb_test.elf.dir/USB_Device/Target/usbd_conf.c.obj
 .debug_frame   0x00004668      0x13c C:/software/COMPIL~1/ARM-NO~2.2/13C7F1~1.2RE/bin/../lib/gcc/arm-none-eabi/13.2.1/thumb/v7e-m+fp/hard\libg.a(libc_a-findfp.o)
 .debug_frame   0x000047a4       0x2c C:/software/COMPIL~1/ARM-NO~2.2/13C7F1~1.2RE/bin/../lib/gcc/arm-none-eabi/13.2.1/thumb/v7e-m+fp/hard\libg.a(libc_a-memset.o)
 .debug_frame   0x000047d0       0x2c C:/software/COMPIL~1/ARM-NO~2.2/13C7F1~1.2RE/bin/../lib/gcc/arm-none-eabi/13.2.1/thumb/v7e-m+fp/hard\libg.a(libc_a-init.o)
 .debug_frame   0x000047fc       0x5c C:/software/COMPIL~1/ARM-NO~2.2/13C7F1~1.2RE/bin/../lib/gcc/arm-none-eabi/13.2.1/thumb/v7e-m+fp/hard\libg.a(libc_a-__call_atexit.o)
 .debug_frame   0x00004858       0x20 C:/software/COMPIL~1/ARM-NO~2.2/13C7F1~1.2RE/bin/../lib/gcc/arm-none-eabi/13.2.1/thumb/v7e-m+fp/hard\libg.a(libc_a-atexit.o)
 .debug_frame   0x00004878       0x34 C:/software/COMPIL~1/ARM-NO~2.2/13C7F1~1.2RE/bin/../lib/gcc/arm-none-eabi/13.2.1/thumb/v7e-m+fp/hard\libg.a(libc_a-fini.o)
 .debug_frame   0x000048ac       0x34 C:/software/COMPIL~1/ARM-NO~2.2/13C7F1~1.2RE/bin/../lib/gcc/arm-none-eabi/13.2.1/thumb/v7e-m+fp/hard\libg.a(libc_a-__atexit.o)

.debug_line_str
                0x00000000       0x7f
 .debug_line_str
                0x00000000       0x7f CMakeFiles/usb_test.elf.dir/Core/Startup/startup_stm32g473qetx.s.obj
